******************************************************************************
                  TI ARM Linker PC v20.2.7                     
******************************************************************************
>> Linked Wed Apr 24 09:52:46 2024

OUTPUT FILE NAME:   <empty_MSP_EXP432P401R_tirtos_ccs.out>
ENTRY POINT SYMBOL: "_c_int00"  address: 00002981


MEMORY CONFIGURATION

         name            origin    length      used     unused   attr    fill
----------------------  --------  ---------  --------  --------  ----  --------
  MAIN                  00000000   00040000  00004853  0003b7ad  R  X
  INFO                  00200000   00004000  00000000  00004000  R  X
  SRAM_CODE             01000000   00010000  00008e86  0000717a  RW X
  SRAM_DATA             20000000   00010000  00008e86  0000717a  RW  


SEGMENT ALLOCATION MAP

run origin  load origin   length   init length attrs members
----------  ----------- ---------- ----------- ----- -------
00000000    00000000    00004860   00004860    r-x
  00000000    00000000    0000003c   0000003c    r-- .resetVecs
  00000040    00000040    000041da   000041da    r-x .text
  0000421c    0000421c    00000415   00000415    r-- .const
  00004638    00004638    00000228   00000228    r-- .cinit
20000140    20000140    00008000   00000000    r--
  20000140    20000140    00008000   00000000    r-- .priheap
20008140    20008140    0000094c   00000000    rw-
  20008140    20008140    000005fa   00000000    rw- .data
  20008740    20008740    0000034c   00000000    rw- .bss
2000fc00    2000fc00    00000400   00000000    rw-
  2000fc00    2000fc00    00000400   00000000    rw- .stack


SECTION ALLOCATION MAP

 output                                  attributes/
section   page    origin      length       input sections
--------  ----  ----------  ----------   ----------------
.text      0    00000040    000041da     
                  00000040    000002f8     drivers_msp432p401x.aem4f : PowerMSP432.oem4f (.text:Power_sleep)
                  00000338    0000028a     msp432p4xx_driverlib.lib : pcm.o (.text:__PCM_setPowerStateAdvanced)
                  000005c2    00000002     ti_drivers_config.obj (.text:Board_initHook)
                  000005c4    00000288     drivers_msp432p401x.aem4f : PowerMSP432.oem4f (.text:initPerfControl)
                  0000084c    0000015c     msp432p4xx_driverlib.lib : pcm.o (.text:__PCM_setPowerModeAdvanced)
                  000009a8    00000130     sysbios.aem4f : BIOS.obj (.text:ti_sysbios_knl_Semaphore_pend__E)
                  00000ad8    00000110     thread.obj (.text:mainThread)
                  00000be8    00000108     msp432p4xx_driverlib.lib : pcm.o (.text:__PCM_setCoreVoltageLevelAdvanced)
                  00000cf0    00000108     sysbios.aem4f : BIOS.obj (.text:ti_sysbios_knl_Task_postInit__I)
                  00000df8    00000108                   : BIOS.obj (.text:xdc_runtime_Startup_startMods__I)
                  00000f00    00000104                   : BIOS.obj (.text:ti_sysbios_knl_Task_Instance_finalize__E)
                  00001004    00000004     msp432p4xx_driverlib.lib : cpu.o (.text:CPU_wfi)
                  00001008    000000f8     sysbios.aem4f : BIOS.obj (.text:ti_sysbios_family_arm_msp432_init_Boot_configureClocksHigh)
                  00001100    000000f0                   : BIOS.obj (.text:pthread_create)
                  000011f0    000000f0                   : m3_Hwi_asm.obj (.text:ti_sysbios_family_arm_m3_Hwi_dispatch__I)
                  000012e0    000000e4     msp432p4xx_driverlib.lib : cs.o (.text:CS_startHFXTWithTimeout)
                  000013c4    000000e0                              : cs.o (.text:CS_startLFXTWithTimeout)
                  000014a4    00000004     release_pem4f.oem4f (.text:ti_sysbios_BIOS_RtsGateProxy_enter__E)
                  000014a8    000000e0     sysbios.aem4f : BIOS.obj (.text:ti_sysbios_knl_Task_Instance_init__E)
                  00001588    000000dc     msp432p4xx_driverlib.lib : cs.o (.text:_CSGetHFXTFrequency)
                  00001664    00000004     release_pem4f.oem4f (.text:ti_sysbios_BIOS_RtsGateProxy_leave__E)
                  00001668    000000d0     sysbios.aem4f : BIOS.obj (.text:ti_sysbios_heaps_HeapMem_alloc__E)
                  00001738    000000c4                   : BIOS.obj (.text:ti_sysbios_knl_Task_sleep__E)
                  000017fc    00000004     release_pem4f.oem4f (.text:ti_sysbios_family_arm_m3_TaskSupport_Module__startupDone__S)
                  00001800    000000b8     sysbios.aem4f : BIOS.obj (.text:ti_sysbios_family_arm_m3_Hwi_Instance_init__E)
                  000018b8    000000aa                   : BIOS.obj (.text:xdc_runtime_Core_createObject__I)
                  00001962    00000004     release_pem4f.oem4f (.text:ti_sysbios_heaps_HeapMem_Module_GateProxy_enter__E)
                  00001966    00000002     dpl_msp432p401x.aem4f : PowerMSP432_tirtos.oem4f (.text:PowerMSP432_initPolicy)
                  00001968    000000a8     sysbios.aem4f : BIOS.obj (.text:ti_sysbios_family_arm_msp432_Timer_periodicStub__E)
                  00001a10    000000a4                   : BIOS.obj (.text:ti_sysbios_knl_Task_setPri__E)
                  00001ab4    000000a0     auto_init.aem4f : auto_init.oem4f (.text)
                  00001b54    0000009c     drivers_msp432p401x.aem4f : PowerMSP432.oem4f (.text:Power_init)
                  00001bf0    0000009c     rtsv7M4_T_le_v4SPD16_eabi.lib : memcpy_t2.asm.obj (.text)
                  00001c8c    00000004     release_pem4f.oem4f (.text:ti_sysbios_heaps_HeapMem_Module_GateProxy_leave__E)
                  00001c90    00000094     sysbios.aem4f : BIOS.obj (.text:_pthread_removeThreadKeys)
                  00001d24    00000004     release_pem4f.oem4f (.text:ti_sysbios_knl_Clock_TimerProxy_getMaxTicks__E)
                  00001d28    00000094     sysbios.aem4f : BIOS.obj (.text:ti_sysbios_family_arm_m3_Hwi_initNVIC__E)
                  00001dbc    00000004     release_pem4f.oem4f (.text:ti_sysbios_knl_Task_delete)
                  00001dc0    00000094     sysbios.aem4f : BIOS.obj (.text:ti_sysbios_knl_Task_exit__E)
                  00001e54    00000004     release_pem4f.oem4f (.text:xdc_runtime_System_Module_GateProxy_enter__E)
                  00001e58    00000090     sysbios.aem4f : BIOS.obj (.text:ti_sysbios_knl_Task_Module_startup__E)
                  00001ee8    0000008c                   : m3_TaskSupport_asm.obj (.text:ti_sysbios_family_arm_m3_TaskSupport_buildTaskStack)
                  00001f74    00000004     release_pem4f.oem4f (.text:xdc_runtime_System_Module_GateProxy_leave__E)
                  00001f78    0000008c     sysbios.aem4f : BIOS.obj (.text:xdc_runtime_Memory_alloc__E)
                  00002004    00000002     rtsv7M4_T_le_v4SPD16_eabi.lib : _lock.c.obj (.text:_nop)
                  00002006    00000002     release_pem4f.oem4f (.text:ti_sysbios_BIOS_nullFunc__I)
                  00002008    00000086     sysbios.aem4f : BIOS.obj (.text:xdc_runtime_Core_constructObject__I)
                  0000208e    00000002     --HOLE-- [fill = 0]
                  00002090    00000084     msp432p4xx_driverlib.lib : pcm.o (.text:PCM_gotoLPM3)
                  00002114    00000084     drivers_msp432p401x.aem4f : PowerMSP432.oem4f (.text:restartHFXT)
                  00002198    00000084     sysbios.aem4f : BIOS.obj (.text:ti_sysbios_family_arm_m3_Hwi_postInit__I)
                  0000221c    00000004     --HOLE-- [fill = 0]
                  00002220    00000084                   : BIOS.obj (.text:ti_sysbios_heaps_HeapMem_free__E)
                  000022a4    00000004     --HOLE-- [fill = 0]
                  000022a8    00000080                   : BIOS.obj (.text:ti_sysbios_knl_Clock_workFunc__E)
                  00002328    0000007a     rtsv7M4_T_le_v4SPD16_eabi.lib : memset_t2.asm.obj (.text)
                  000023a2    00000006     --HOLE-- [fill = 0]
                  000023a8    00000070     sysbios.aem4f : BIOS.obj (.text:ti_sysbios_heaps_HeapMem_initPrimary__I)
                  00002418    0000006c                   : BIOS.obj (.text:ti_sysbios_knl_Swi_restoreHwi__E)
                  00002484    00000068     rtsv7M4_T_le_v4SPD16_eabi.lib : copy_decompress_lzss.c.obj (.text:decompress:lzss:__TI_decompress_lzss)
                  000024ec    00000004     --HOLE-- [fill = 0]
                  000024f0    00000066     sysbios.aem4f : BIOS.obj (.text:xdc_runtime_Core_deleteObject__I)
                  00002556    00000002     --HOLE-- [fill = 0]
                  00002558    00000064     main_tirtos.obj (.text:main)
                  000025bc    00000004     --HOLE-- [fill = 0]
                  000025c0    00000064     sysbios.aem4f : BIOS.obj (.text:pthread_exit)
                  00002624    00000004     --HOLE-- [fill = 0]
                  00002628    00000064                   : BIOS.obj (.text:ti_sysbios_family_arm_m3_Hwi_dispatchC__I)
                  0000268c    00000004     --HOLE-- [fill = 0]
                  00002690    00000060                   : BIOS.obj (.text:ti_sysbios_knl_Semaphore_post__E)
                  000026f0    00000060                   : BIOS.obj (.text:ti_sysbios_knl_Swi_run__I)
                  00002750    0000005e     msp432p4xx_driverlib.lib : pcm.o (.text:PCM_getCoreVoltageLevel)
                  000027ae    00000002     --HOLE-- [fill = 0]
                  000027b0    0000005c     sysbios.aem4f : BIOS.obj (.text:ti_sysbios_knl_Swi_schedule__I)
                  0000280c    00000004     --HOLE-- [fill = 0]
                  00002810    0000005c                   : BIOS.obj (.text:ti_sysbios_knl_Task_startCore__E)
                  0000286c    00000004     --HOLE-- [fill = 0]
                  00002870    0000005c                   : BIOS.obj (.text:xdc_runtime_Startup_exec__E)
                  000028cc    0000005a     msp432p4xx_driverlib.lib : pcm.o (.text:PCM_getPowerMode)
                  00002926    00000002     --HOLE-- [fill = 0]
                  00002928    00000058     GPIO_MSP432.obj (.text:GPIO_setPinEntradaconPullUp)
                  00002980    00000058     boot.aem4f : boot.oem4f (.text)
                  000029d8    00000058     sysbios.aem4f : m3_Hwi_asm_switch.obj (.text:ti_sysbios_family_arm_m3_Hwi_initStacks__E)
                  00002a30    00000054     msp432p4xx_driverlib.lib : pcm.o (.text:PCM_shutdownDevice)
                  00002a84    00000054     release_pem4f.oem4f (.text:ti_sysbios_family_arm_m3_Hwi_create)
                  00002ad8    00000054     sysbios.aem4f : BIOS.obj (.text:ti_sysbios_family_arm_msp432_Timer_initDevice__I)
                  00002b2c    00000004     --HOLE-- [fill = 0]
                  00002b30    00000050                   : BIOS.obj (.text:ti_sysbios_family_arm_m3_Hwi_Module_startup__E)
                  00002b80    00000050     release_pem4f.oem4f (.text:ti_sysbios_knl_Task_create)
                  00002bd0    0000004c     dpl_msp432p401x.aem4f : PowerMSP432_tirtos.oem4f (.text:PowerMSP432_sleepPolicy)
                  00002c1c    0000004c     rtsv7M4_T_le_v4SPD16_eabi.lib : cpy_tbl.c.obj (.text:copy_in)
                  00002c68    0000004c     sysbios.aem4f : BIOS.obj (.text:ti_sysbios_family_arm_msp432_Timer_postInit__I)
                  00002cb4    00000004     --HOLE-- [fill = 0]
                  00002cb8    0000004c                   : BIOS.obj (.text:ti_sysbios_family_arm_msp432_Timer_start__E)
                  00002d04    00000004     --HOLE-- [fill = 0]
                  00002d08    0000004c                   : BIOS.obj (.text:ti_sysbios_heaps_HeapMem_getStats__E)
                  00002d54    00000004     --HOLE-- [fill = 0]
                  00002d58    0000004c                   : BIOS.obj (.text:ti_sysbios_knl_Swi_runLoop__I)
                  00002da4    00000004     --HOLE-- [fill = 0]
                  00002da8    0000004c                   : BIOS.obj (.text:ti_sysbios_knl_Task_allBlockedFunction__I)
                  00002df4    00000004     --HOLE-- [fill = 0]
                  00002df8    0000004c                   : BIOS.obj (.text:ti_sysbios_knl_Task_schedule__I)
                  00002e44    00000004     --HOLE-- [fill = 0]
                  00002e48    00000048                   : BIOS.obj (.text:ti_sysbios_family_arm_m3_Hwi_disableInterrupt__E)
                  00002e90    00000048                   : BIOS.obj (.text:ti_sysbios_family_arm_m3_Hwi_enableInterrupt__E)
                  00002ed8    00000048                   : BIOS.obj (.text:ti_sysbios_knl_Mailbox_Module_startup__E)
                  00002f20    00000048                   : BIOS.obj (.text:xdc_runtime_Core_assignParams__I)
                  00002f68    00000044                   : BIOS.obj (.text:ti_sysbios_family_arm_m3_Hwi_getStackInfo__E)
                  00002fac    00000004     --HOLE-- [fill = 0]
                  00002fb0    00000044                   : BIOS.obj (.text:ti_sysbios_knl_Swi_post__E)
                  00002ff4    00000040     GPIO_MSP432.obj (.text:GPIO_setPinSalida)
                  00003034    00000040     dpl_msp432p401x.aem4f : HwiP_tirtos.oem4f (.text:HwiP_create)
                  00003074    00000004     --HOLE-- [fill = 0]
                  00003078    00000040     sysbios.aem4f : BIOS.obj (.text:ti_sysbios_family_arm_msp432_Timer_Module_startup__E)
                  000030b8    00000040                   : BIOS.obj (.text:ti_sysbios_family_arm_msp432_Timer_startup__E)
                  000030f8    00000040                   : BIOS.obj (.text:ti_sysbios_heaps_HeapMem_Instance_init__E)
                  00003138    0000003c                   : BIOS.obj (.text:ti_sysbios_family_arm_m3_Hwi_Instance_finalize__E)
                  00003174    00000004     --HOLE-- [fill = 0]
                  00003178    0000003c                   : BIOS.obj (.text:ti_sysbios_family_arm_msp432_Seconds_Module_startup__E)
                  000031b4    00000004     --HOLE-- [fill = 0]
                  000031b8    0000003c                   : BIOS.obj (.text:ti_sysbios_knl_Swi_restore__E)
                  000031f4    00000004     --HOLE-- [fill = 0]
                  000031f8    0000003c                   : BIOS.obj (.text:usleep)
                  00003234    00000038     drivers_msp432p401x.aem4f : PowerMSP432.oem4f (.text:notify)
                  0000326c    00000004     --HOLE-- [fill = 0]
                  00003270    00000038     sysbios.aem4f : BIOS.obj (.text:xdc_runtime_System_atexit__E)
                  000032a8    00000032                   : BIOS.obj (.text:ti_sysbios_hal_Hwi_initStack)
                  000032da    00000002     --HOLE-- [fill = 0]
                  000032dc    00000030     release_pem4f.oem4f (.text:ti_sysbios_BIOS_atExitFunc__I)
                  0000330c    00000030     release_pem4f.oem4f (.text:ti_sysbios_BIOS_startFunc__I)
                  0000333c    00000004     --HOLE-- [fill = 0]
                  00003340    00000030     sysbios.aem4f : BIOS.obj (.text:ti_sysbios_family_arm_m3_TaskSupport_start__E)
                  00003370    00000030     release_pem4f.oem4f (.text:ti_sysbios_gates_GateHwi_Object__create__S)
                  000033a0    00000030     release_pem4f.oem4f (.text:ti_sysbios_gates_GateMutex_Object__create__S)
                  000033d0    00000030     sysbios.aem4f : BIOS.obj (.text:ti_sysbios_gates_GateMutex_enter__E)
                  00003400    00000030     release_pem4f.oem4f (.text:ti_sysbios_heaps_HeapMem_Object__create__S)
                  00003430    00000030     sysbios.aem4f : BIOS.obj (.text:ti_sysbios_knl_Mailbox_postInit__I)
                  00003460    00000030     release_pem4f.oem4f (.text:ti_sysbios_knl_Semaphore_construct)
                  00003490    00000030     sysbios.aem4f : BIOS.obj (.text:ti_sysbios_knl_Semaphore_pendTimeout__I)
                  000034c0    00000030                   : BIOS.obj (.text:ti_sysbios_knl_Task_processVitalTaskFlag__I)
                  000034f0    00000030                   : BIOS.obj (.text:ti_sysbios_knl_Task_restore__E)
                  00003520    00000030                   : BIOS.obj (.text:ti_sysbios_knl_Task_unblockI__E)
                  00003550    00000030                   : BIOS.obj (.text:xdc_runtime_System_processAtExit__E)
                  00003580    0000002e                   : BIOS.obj (.text:pthread_setcancelstate)
                  000035ae    0000002c     GPIO_MSP432.obj (.text:Actividad_9)
                  000035da    0000002c     dpl_msp432p401x.aem4f : PowerMSP432_tirtos.oem4f (.text:PowerMSP432_updateFreqs)
                  00003606    00000002     --HOLE-- [fill = 0]
                  00003608    0000002c     msp432p4xx_driverlib.lib : rtc_c.o (.text:RTC_C_holdClock)
                  00003634    00000004     --HOLE-- [fill = 0]
                  00003638    0000002c     sysbios.aem4f : BIOS.obj (.text:_pthread_cleanupFxn)
                  00003664    00000004     --HOLE-- [fill = 0]
                  00003668    0000002c                   : BIOS.obj (.text:_pthread_delete$43)
                  00003694    0000002c     release_pem4f.oem4f (.text:ti_sysbios_gates_GateHwi_Handle__label__S)
                  000036c0    0000002c     release_pem4f.oem4f (.text:ti_sysbios_gates_GateMutex_Handle__label__S)
                  000036ec    0000002c     release_pem4f.oem4f (.text:ti_sysbios_heaps_HeapMem_Handle__label__S)
                  00003718    0000002c     release_pem4f.oem4f (.text:ti_sysbios_knl_Clock_doTick__I)
                  00003744    0000002c     release_pem4f.oem4f (.text:ti_sysbios_knl_Queue_construct)
                  00003770    00000028     GPIO_MSP432.obj (.text:GPIO_setPinAlto)
                  00003798    00000028     GPIO_MSP432.obj (.text:GPIO_setPinBajo)
                  000037c0    00000028     msp432p4xx_driverlib.lib : pcm.o (.text:PCM_gotoLPM0)
                  000037e8    00000028     drivers_msp432p401x.aem4f : PowerMSP432.oem4f (.text:disableFaultCounter)
                  00003810    00000028                               : PowerMSP432.oem4f (.text:disableHFXT)
                  00003838    00000028     sysbios.aem4f : m3_Hwi_asm.obj (.text:ti_sysbios_family_arm_m3_Hwi_excHandlerAsm__I)
                  00003860    00000028                   : BIOS.obj (.text:ti_sysbios_knl_Clock_addI__E)
                  00003888    00000028                   : BIOS.obj (.text:ti_sysbios_knl_Swi_Module_startup__E)
                  000038b0    00000026                   : m3_Hwi_asm.obj (.text:ti_sysbios_family_arm_m3_Hwi_pendSV__I)
                  000038d6    00000002     --HOLE-- [fill = 0]
                  000038d8    00000024     GPIO_MSP432.obj (.text:Gpio_Pin_in)
                  000038fc    00000024     msp432p4xx_driverlib.lib : wdt_a.o (.text:WDT_A_holdTimer)
                  00003920    00000024     sysbios.aem4f : BIOS.obj (.text:pthread_attr_init)
                  00003944    00000024     release_pem4f.oem4f (.text:ti_sysbios_BIOS_registerRTSLock__I)
                  00003968    00000024     release_pem4f.oem4f (.text:ti_sysbios_BIOS_removeRTSLock__I)
                  0000398c    00000004     --HOLE-- [fill = 0]
                  00003990    00000024     sysbios.aem4f : BIOS.obj (.text:ti_sysbios_family_arm_msp432_ClockFreqs_setFrequency__E)
                  000039b4    00000024     release_pem4f.oem4f (.text:ti_sysbios_gates_GateMutex_Object__delete__S)
                  000039d8    00000024     sysbios.aem4f : BIOS.obj (.text:ti_sysbios_knl_Clock_Module_startup__E)
                  000039fc    00000004     --HOLE-- [fill = 0]
                  00003a00    00000024                   : BIOS.obj (.text:ti_sysbios_knl_Semaphore_Instance_init__E)
                  00003a24    00000004     --HOLE-- [fill = 0]
                  00003a28    00000024                   : BIOS.obj (.text:ti_sysbios_knl_Task_restoreHwi__E)
                  00003a4c    00000004     --HOLE-- [fill = 0]
                  00003a50    00000024                   : BIOS.obj (.text:xdc_runtime_Error_policyMin__E)
                  00003a74    00000020     msp432p4xx_driverlib.lib : cs.o (.text:CS_setExternalClockSourceFrequency)
                  00003a94    00000020     release_pem4f.oem4f (.text:ti_sysbios_BIOS_rtsLock__I)
                  00003ab4    00000020     release_pem4f.oem4f (.text:ti_sysbios_gates_GateHwi_Object__delete__S)
                  00003ad4    00000020     release_pem4f.oem4f (.text:ti_sysbios_heaps_HeapMem_Object__delete__S)
                  00003af4    00000004     --HOLE-- [fill = 0]
                  00003af8    00000020     sysbios.aem4f : BIOS.obj (.text:ti_sysbios_knl_Idle_run__E)
                  00003b18    00000020     release_pem4f.oem4f (.text:ti_sysbios_knl_Semaphore_destruct)
                  00003b38    00000020     release_pem4f.oem4f (.text:ti_sysbios_knl_Task_Object__delete__S)
                  00003b58    0000001e     sysbios.aem4f : m3_Hwi_asm_switch.obj (.text:ti_sysbios_family_xxx_Hwi_switchAndRunFunc)
                  00003b76    0000001c     rtsv7M4_T_le_v4SPD16_eabi.lib : copy_zero_init.c.obj (.text:decompress:ZI:__TI_zero_init_nomemset:__TI_zero_init_nomemset)
                  00003b92    00000006     --HOLE-- [fill = 0]
                  00003b98    0000001c     sysbios.aem4f : BIOS.obj (.text:ti_sysbios_family_arm_m3_Hwi_excHandler__I)
                  00003bb4    00000004     --HOLE-- [fill = 0]
                  00003bb8    0000001c                   : BIOS.obj (.text:ti_sysbios_gates_GateMutex_Instance_init__E)
                  00003bd4    0000001c     release_pem4f.oem4f (.text:ti_sysbios_knl_Queue_destruct)
                  00003bf0    0000001c     sysbios.aem4f : BIOS.obj (.text:ti_sysbios_knl_Queue_put__E)
                  00003c0c    00000004     --HOLE-- [fill = 0]
                  00003c10    0000001c                   : BIOS.obj (.text:ti_sysbios_knl_Task_enter__I)
                  00003c2c    00000004     --HOLE-- [fill = 0]
                  00003c30    0000001c                   : BIOS.obj (.text:ti_sysbios_rts_ti_ReentSupport_getReent__F)
                  00003c4c    00000004     --HOLE-- [fill = 0]
                  00003c50    0000001c                   : BIOS.obj (.text:xdc_runtime_Memory_valloc__E)
                  00003c6c    00000004     --HOLE-- [fill = 0]
                  00003c70    0000001c                   : BIOS.obj (.text:xdc_runtime_System_abort__E)
                  00003c8c    00000018     release_pem4f.oem4f (.text:.bootCodeSection:ti_sysbios_family_arm_msp432_init_Boot_init__I)
                  00003ca4    00000018     msp432p4xx_driverlib.lib : sysctl_a.o (.text:SysCtl_A_disableNMISource)
                  00003cbc    00000018                              : sysctl_a.o (.text:SysCtl_A_enableNMISource)
                  00003cd4    00000018     rtsv7M4_T_le_v4SPD16_eabi.lib : args_main.c.obj (.text:_args_main)
                  00003cec    00000018     release_pem4f.oem4f (.text:ti_sysbios_BIOS_rtsUnlock__I)
                  00003d04    00000018     release_pem4f.oem4f (.text:ti_sysbios_family_arm_m3_Hwi_Module__startupDone__F)
                  00003d1c    00000018     sysbios.aem4f : m3_TaskSupport_asm.obj (.text:ti_sysbios_family_arm_m3_TaskSupport_swap__E)
                  00003d34    00000018     release_pem4f.oem4f (.text:ti_sysbios_family_arm_msp432_Timer_Module__startupDone__F)
                  00003d4c    00000004     --HOLE-- [fill = 0]
                  00003d50    00000018     sysbios.aem4f : BIOS.obj (.text:ti_sysbios_gates_GateMutex_leave__E)
                  00003d68    00000018                   : BIOS.obj (.text:ti_sysbios_knl_Task_sleepTimeout__I)
                  00003d80    00000018     release_pem4f.oem4f (.text:ti_sysbios_rts_ti_ReentSupport_getTlsAddr__I)
                  00003d98    00000018     sysbios.aem4f : BIOS.obj (.text:xdc_runtime_Error_init__E)
                  00003db0    00000018                   : BIOS.obj (.text:xdc_runtime_System_exit__E)
                  00003dc8    00000016     release_pem4f.oem4f (.text:ti_sysbios_BIOS_exitFunc__I)
                  00003dde    00000002     --HOLE-- [fill = 0]
                  00003de0    00000016     sysbios.aem4f : BIOS.obj (.text:ti_sysbios_knl_Task_unblock__E)
                  00003df6    00000002     --HOLE-- [fill = 0]
                  00003df8    00000014     msp432p4xx_driverlib.lib : pcm.o (.text:PCM_getPowerState)
                  00003e0c    00000014     drivers_msp432p401x.aem4f : PowerMSP432.oem4f (.text:Power_idleFunc)
                  00003e20    00000014     sysbios.aem4f : BIOS.obj (.text:pthread_attr_setschedparam)
                  00003e34    00000014     release_pem4f.oem4f (.text:ti_sysbios_family_arm_m3_Hwi_Object__get__S)
                  00003e48    00000014     sysbios.aem4f : BIOS.obj (.text:ti_sysbios_family_arm_m3_Hwi_switchFromBootStack__E)
                  00003e5c    00000014     release_pem4f.oem4f (.text:ti_sysbios_heaps_HeapMem_Object__get__S)
                  00003e70    00000014     release_pem4f.oem4f (.text:ti_sysbios_knl_Swi_Object__get__S)
                  00003e84    00000004     --HOLE-- [fill = 0]
                  00003e88    00000012     sysbios.aem4f : BIOS.obj (.text:_pthread_cleanup_pop)
                  00003e9a    00000006     --HOLE-- [fill = 0]
                  00003ea0    00000012                   : BIOS.obj (.text:_pthread_runStub$43)
                  00003eb2    00000006     --HOLE-- [fill = 0]
                  00003eb8    00000012                   : BIOS.obj (.text:ti_sysbios_hal_Hwi_Module_startup__E)
                  00003eca    00000012     release_pem4f.oem4f (.text:xdc_runtime_Startup_exec__I)
                  00003edc    00000010     dpl_msp432p401x.aem4f : HwiP_tirtos.oem4f (.text:HwiP_Params_init)
                  00003eec    00000010     msp432p4xx_driverlib.lib : pcm.o (.text:PCM_gotoLPM4)
                  00003efc    00000010                              : pcm.o (.text:PCM_setPowerMode)
                  00003f0c    00000010                              : pcm.o (.text:PCM_setPowerState)
                  00003f1c    00000010                              : sysctl_a.o (.text:SysCtl_A_getNMISourceStatus)
                  00003f2c    00000010                              : sysctl.o (.text:SysCtl_getNMISourceStatus)
                  00003f3c    00000004     --HOLE-- [fill = 0]
                  00003f40    00000010     sysbios.aem4f : BIOS.obj (.text:ti_sysbios_BIOS_exit__E)
                  00003f50    00000010                   : BIOS.obj (.text:ti_sysbios_BIOS_setCpuFreq__E)
                  00003f60    00000010                   : BIOS.obj (.text:ti_sysbios_BIOS_setThreadType__E)
                  00003f70    00000010                   : BIOS.obj (.text:ti_sysbios_BIOS_start__E)
                  00003f80    00000010                   : m3_TaskSupport_asm.obj (.text:ti_sysbios_family_arm_m3_TaskSupport_glue)
                  00003f90    00000010                   : BIOS.obj (.text:ti_sysbios_family_arm_msp432_init_Boot_disableWatchdog)
                  00003fa0    00000010                   : BIOS.obj (.text:ti_sysbios_gates_GateMutex_Instance_finalize__E)
                  00003fb0    00000010     release_pem4f.oem4f (.text:ti_sysbios_knl_Mailbox_Object__get__S)
                  00003fc0    00000010     sysbios.aem4f : BIOS.obj (.text:ti_sysbios_knl_Semaphore_Instance_finalize__E)
                  00003fd0    00000010                   : BIOS.obj (.text:ti_sysbios_knl_Swi_disable__E)
                  00003fe0    00000010     release_pem4f.oem4f (.text:ti_sysbios_knl_Task_Object__get__S)
                  00003ff0    00000010     sysbios.aem4f : BIOS.obj (.text:ti_sysbios_knl_Task_disable__E)
                  00004000    00000010                   : BIOS.obj (.text:xdc_runtime_Gate_leaveSystem__E)
                  00004010    00000010                   : BIOS.obj (.text:xdc_runtime_Memory_free__E)
                  00004020    00000010                   : BIOS.obj (.text:xdc_runtime_SysCallback_abort__E)
                  00004030    00000010                   : BIOS.obj (.text:xdc_runtime_SysCallback_exit__E)
                  00004040    0000000e     rtsv7M4_T_le_v4SPD16_eabi.lib : copy_decompress_none.c.obj (.text:decompress:none:__TI_decompress_none)
                  0000404e    00000002     --HOLE-- [fill = 0]
                  00004050    0000000e     sysbios.aem4f : BIOS.obj (.text:pthread_attr_setdetachstate)
                  0000405e    00000002     --HOLE-- [fill = 0]
                  00004060    0000000e                   : BIOS.obj (.text:ti_sysbios_knl_Idle_loop__E)
                  0000406e    00000002     --HOLE-- [fill = 0]
                  00004070    0000000e                   : BIOS.obj (.text:ti_sysbios_knl_Queue_empty__E)
                  0000407e    0000000c     ti_drivers_config.obj (.text:Board_init)
                  0000408a    0000000c     msp432p4xx_driverlib.lib : cpu.o (.text:CPU_cpsid)
                  00004096    0000000c                              : cpu.o (.text:CPU_cpsie)
                  000040a2    00000002     --HOLE-- [fill = 0]
                  000040a4    0000000c     drivers_msp432p401x.aem4f : PowerMSP432.oem4f (.text:Power_getConstraintMask)
                  000040b0    0000000c     rtsv7M4_T_le_v4SPD16_eabi.lib : _lock.c.obj (.text:_register_lock)
                  000040bc    0000000c                                   : _lock.c.obj (.text:_register_unlock)
                  000040c8    0000000c     sysbios.aem4f : BIOS.obj (.text:pthread_self)
                  000040d4    0000000c     release_pem4f.oem4f (.text:ti_sysbios_family_arm_m3_Hwi_Params__init__S)
                  000040e0    0000000c     sysbios.aem4f : BIOS.obj (.text:ti_sysbios_family_arm_m3_TaskSupport_getStackAlignment__E)
                  000040ec    00000004     --HOLE-- [fill = 0]
                  000040f0    0000000c                   : BIOS.obj (.text:ti_sysbios_family_arm_msp432_Timer_getMaxTicks__E)
                  000040fc    00000004     --HOLE-- [fill = 0]
                  00004100    0000000c                   : BIOS.obj (.text:ti_sysbios_gates_GateHwi_enter__E)
                  0000410c    0000000c     release_pem4f.oem4f (.text:ti_sysbios_knl_Queue_Object__get__S)
                  00004118    0000000c     release_pem4f.oem4f (.text:ti_sysbios_knl_Semaphore_Params__init__S)
                  00004124    0000000c     release_pem4f.oem4f (.text:ti_sysbios_knl_Task_Params__init__S)
                  00004130    0000000c     sysbios.aem4f : BIOS.obj (.text:ti_sysbios_knl_Task_self__E)
                  0000413c    00000004     --HOLE-- [fill = 0]
                  00004140    0000000c                   : BIOS.obj (.text:ti_sysbios_rts_ti_ReentSupport_taskRegHook__I)
                  0000414c    00000004     --HOLE-- [fill = 0]
                  00004150    0000000c                   : BIOS.obj (.text:xdc_runtime_Gate_enterSystem__E)
                  0000415c    00000004     --HOLE-- [fill = 0]
                  00004160    0000000c                   : BIOS.obj (.text:xdc_runtime_Startup_rtsDone__E)
                  0000416c    0000000a     release_pem4f.oem4f (.text:xdc_runtime_IHeap_alloc)
                  00004176    0000000a     release_pem4f.oem4f (.text:xdc_runtime_IHeap_free)
                  00004180    00000008     sysbios.aem4f : BIOS.obj (.text:pthread_attr_setstacksize)
                  00004188    00000008                   : BIOS.obj (.text:ti_sysbios_family_arm_m3_Hwi_doSwiRestore__I)
                  00004190    00000008                   : BIOS.obj (.text:ti_sysbios_family_arm_m3_Hwi_startup__E)
                  00004198    00000006                   : BIOS.obj (.text:ti_sysbios_family_arm_m3_Hwi_doTaskRestore__I)
                  0000419e    00000002     --HOLE-- [fill = 0]
                  000041a0    00000006                   : BIOS.obj (.text:ti_sysbios_gates_GateHwi_leave__E)
                  000041a6    00000002     --HOLE-- [fill = 0]
                  000041a8    00000006                   : BIOS.obj (.text:ti_sysbios_heaps_HeapMem_isBlocking__E)
                  000041ae    00000002     --HOLE-- [fill = 0]
                  000041b0    00000006                   : BIOS.obj (.text:ti_sysbios_knl_Queue_Instance_init__E)
                  000041b6    00000002     --HOLE-- [fill = 0]
                  000041b8    00000006                   : BIOS.obj (.text:ti_sysbios_knl_Swi_startup__E)
                  000041be    00000002     --HOLE-- [fill = 0]
                  000041c0    00000006                   : BIOS.obj (.text:xdc_runtime_System_Module_startup__E)
                  000041c6    00000002     --HOLE-- [fill = 0]
                  000041c8    00000004                   : BIOS.obj (.text:__aeabi_errno_addr)
                  000041cc    00000004     --HOLE-- [fill = 0]
                  000041d0    00000004                   : BIOS.obj (.text:ti_sysbios_gates_GateHwi_query__E)
                  000041d4    00000004     --HOLE-- [fill = 0]
                  000041d8    00000004                   : BIOS.obj (.text:ti_sysbios_gates_GateMutex_query__E)
                  000041dc    00000004     --HOLE-- [fill = 0]
                  000041e0    00000004                   : BIOS.obj (.text:ti_sysbios_knl_Task_startup__E)
                  000041e4    00000004     --HOLE-- [fill = 0]
                  000041e8    00000002                   : BIOS.obj (.text:ti_sysbios_BIOS_linkedWithIncorrectBootLibrary__E)
                  000041ea    00000006     --HOLE-- [fill = 0]
                  000041f0    00000002                   : BIOS.obj (.text:ti_sysbios_gates_GateHwi_Instance_init__E)
                  000041f2    00000006     --HOLE-- [fill = 0]
                  000041f8    00000002                   : BIOS.obj (.text:ti_sysbios_knl_Clock_logTick__E)
                  000041fa    00000006     --HOLE-- [fill = 0]
                  00004200    00000002                   : BIOS.obj (.text:xdc_runtime_SysCallback_defaultAbort)
                  00004202    00000006     --HOLE-- [fill = 0]
                  00004208    00000002                   : BIOS.obj (.text:xdc_runtime_SysCallback_defaultExit)
                  0000420a    00000006     --HOLE-- [fill = 0]
                  00004210    00000002                   : BIOS.obj (.text:xdc_runtime_System_abortSpin__E)
                  00004212    00000006     --HOLE-- [fill = 0]
                  00004218    00000002                   : BIOS.obj (.text:xdc_runtime_System_exitSpin__E)

.const     0    0000421c    00000415     
                  0000421c    0000003c     release_pem4f.oem4f (.const:ti_sysbios_knl_Task_Object__PARAMS__C)
                  00004258    00000038     ti_drivers_config.obj (.const:PowerMSP432_config)
                  00004290    00000030     GPIO_MSP432.obj (.const:GPIO_PORT_TO_BASE)
                  000042c0    00000030     release_pem4f.oem4f (.const:ti_sysbios_family_arm_m3_Hwi_Object__PARAMS__C)
                  000042f0    00000028     release_pem4f.oem4f (.const:ti_sysbios_heaps_HeapMem_Module__FXNS__C)
                  00004318    00000024     release_pem4f.oem4f (.const:ti_sysbios_gates_GateHwi_Module__FXNS__C)
                  0000433c    00000024     release_pem4f.oem4f (.const:ti_sysbios_gates_GateMutex_Module__FXNS__C)
                  00004360    00000024     release_pem4f.oem4f (.const:ti_sysbios_heaps_HeapMem_Object__PARAMS__C)
                  00004384    00000024     release_pem4f.oem4f (.const:ti_sysbios_knl_Semaphore_Object__PARAMS__C)
                  000043a8    00000024     release_pem4f.oem4f (.const:xdc_runtime_Startup_sfxnTab__A)
                  000043cc    00000020     release_pem4f.oem4f (.const:ti_sysbios_family_arm_m3_Hwi_Object__DESC__C)
                  000043ec    00000020     release_pem4f.oem4f (.const:ti_sysbios_gates_GateHwi_Object__DESC__C)
                  0000440c    00000020     release_pem4f.oem4f (.const:ti_sysbios_gates_GateMutex_Object__DESC__C)
                  0000442c    00000020     release_pem4f.oem4f (.const:ti_sysbios_heaps_HeapMem_Object__DESC__C)
                  0000444c    00000020     release_pem4f.oem4f (.const:ti_sysbios_knl_Queue_Object__DESC__C)
                  0000446c    00000020     release_pem4f.oem4f (.const:ti_sysbios_knl_Semaphore_Object__DESC__C)
                  0000448c    00000020     release_pem4f.oem4f (.const:ti_sysbios_knl_Task_Object__DESC__C)
                  000044ac    00000018     release_pem4f.oem4f (.const:ti_sysbios_gates_GateHwi_Object__PARAMS__C)
                  000044c4    00000018     release_pem4f.oem4f (.const:ti_sysbios_gates_GateMutex_Object__PARAMS__C)
                  000044dc    00000018     release_pem4f.oem4f (.const:ti_sysbios_knl_Queue_Object__PARAMS__C)
                  000044f4    00000018     release_pem4f.oem4f (.const:ti_sysbios_knl_Task_hooks__A)
                  0000450c    00000012     release_pem4f.oem4f (.const:xdc_runtime_Startup_sfxnRts__A)
                  0000451e    00000002     release_pem4f.oem4f (.const:ti_sysbios_family_arm_m3_Hwi_Module__id__C)
                  00004520    0000000c     release_pem4f.oem4f (.const:xdc_runtime_Startup_firstFxns__A)
                  0000452c    00000008     GPIO_MSP432.obj (.const)
                  00004534    00000008     release_pem4f.oem4f (.const:ti_sysbios_knl_Idle_funcList__A)
                  0000453c    00000008     release_pem4f.oem4f (.const:ti_sysbios_knl_Idle_funcList__C)
                  00004544    00000008     release_pem4f.oem4f (.const:ti_sysbios_knl_Task_hooks__C)
                  0000454c    00000008     release_pem4f.oem4f (.const:xdc_runtime_Startup_firstFxns__C)
                  00004554    00000008     release_pem4f.oem4f (.const:xdc_runtime_Startup_lastFxns__C)
                  0000455c    00000004     release_pem4f.oem4f (.const:ti_sysbios_family_arm_m3_Hwi_E_alreadyDefined__C)
                  00004560    00000004     release_pem4f.oem4f (.const:ti_sysbios_family_arm_m3_Hwi_E_badIntNum__C)
                  00004564    00000004     release_pem4f.oem4f (.const:ti_sysbios_family_arm_m3_Hwi_NUM_INTERRUPTS__C)
                  00004568    00000004     release_pem4f.oem4f (.const:ti_sysbios_family_arm_m3_Hwi_Object__count__C)
                  0000456c    00000004     release_pem4f.oem4f (.const:ti_sysbios_family_arm_m3_Hwi_ccr__C)
                  00004570    00000004     release_pem4f.oem4f (.const:ti_sysbios_family_arm_m3_Hwi_excHandlerFunc__C)
                  00004574    00000004     release_pem4f.oem4f (.const:ti_sysbios_family_arm_m3_Hwi_nullIsrFunc__C)
                  00004578    00000004     release_pem4f.oem4f (.const:ti_sysbios_family_arm_m3_Hwi_priGroup__C)
                  0000457c    00000004     release_pem4f.oem4f (.const:ti_sysbios_family_arm_m3_Hwi_swiDisable__C)
                  00004580    00000004     release_pem4f.oem4f (.const:ti_sysbios_family_arm_m3_Hwi_swiRestore__C)
                  00004584    00000004     release_pem4f.oem4f (.const:ti_sysbios_family_arm_m3_TaskSupport_stackAlignment__C)
                  00004588    00000004     release_pem4f.oem4f (.const:ti_sysbios_family_arm_msp432_Timer_numTimerDevices__C)
                  0000458c    00000004     release_pem4f.oem4f (.const:ti_sysbios_family_arm_msp432_Timer_startupNeeded__C)
                  00004590    00000004     release_pem4f.oem4f (.const:ti_sysbios_gates_GateMutex_Instance_State_sem__O)
                  00004594    00000004     release_pem4f.oem4f (.const:ti_sysbios_heaps_HeapMem_E_memory__C)
                  00004598    00000004     release_pem4f.oem4f (.const:ti_sysbios_heaps_HeapMem_Module__gateObj__C)
                  0000459c    00000004     release_pem4f.oem4f (.const:ti_sysbios_heaps_HeapMem_Object__count__C)
                  000045a0    00000004     release_pem4f.oem4f (.const:ti_sysbios_heaps_HeapMem_primaryHeapBaseAddr__C)
                  000045a4    00000004     release_pem4f.oem4f (.const:ti_sysbios_heaps_HeapMem_primaryHeapEndAddr__C)
                  000045a8    00000004     release_pem4f.oem4f (.const:ti_sysbios_heaps_HeapMem_reqAlign__C)
                  000045ac    00000004     release_pem4f.oem4f (.const:ti_sysbios_knl_Clock_Module_State_clockQ__O)
                  000045b0    00000004     release_pem4f.oem4f (.const:ti_sysbios_knl_Clock_tickPeriod__C)
                  000045b4    00000004     release_pem4f.oem4f (.const:ti_sysbios_knl_Mailbox_Instance_State_freeQue__O)
                  000045b8    00000004     release_pem4f.oem4f (.const:ti_sysbios_knl_Mailbox_Object__count__C)
                  000045bc    00000004     release_pem4f.oem4f (.const:ti_sysbios_knl_Mailbox_maxTypeAlign__C)
                  000045c0    00000004     release_pem4f.oem4f (.const:ti_sysbios_knl_Semaphore_Instance_State_pendQ__O)
                  000045c4    00000004     release_pem4f.oem4f (.const:ti_sysbios_knl_Swi_Object__count__C)
                  000045c8    00000004     release_pem4f.oem4f (.const:ti_sysbios_knl_Task_Module_State_inactiveQ__O)
                  000045cc    00000004     release_pem4f.oem4f (.const:ti_sysbios_knl_Task_Object__count__C)
                  000045d0    00000004     release_pem4f.oem4f (.const:ti_sysbios_knl_Task_Object__heap__C)
                  000045d4    00000004     release_pem4f.oem4f (.const:ti_sysbios_knl_Task_allBlockedFunc__C)
                  000045d8    00000004     release_pem4f.oem4f (.const:ti_sysbios_knl_Task_defaultStackHeap__C)
                  000045dc    00000004     release_pem4f.oem4f (.const:ti_sysbios_knl_Task_defaultStackSize__C)
                  000045e0    00000004     release_pem4f.oem4f (.const:ti_sysbios_knl_Task_numConstructedTasks__C)
                  000045e4    00000004     release_pem4f.oem4f (.const:xdc_runtime_Error_E_memory__C)
                  000045e8    00000004     release_pem4f.oem4f (.const:xdc_runtime_Error_policyFxn__C)
                  000045ec    00000004     release_pem4f.oem4f (.const:xdc_runtime_IGateProvider_Interface__BASE__C)
                  000045f0    00000004     release_pem4f.oem4f (.const:xdc_runtime_IHeap_Interface__BASE__C)
                  000045f4    00000004     release_pem4f.oem4f (.const:xdc_runtime_IModule_Interface__BASE__C)
                  000045f8    00000004     release_pem4f.oem4f (.const:xdc_runtime_Memory_defaultHeapInstance__C)
                  000045fc    00000004     release_pem4f.oem4f (.const:xdc_runtime_Startup_execImpl__C)
                  00004600    00000004     release_pem4f.oem4f (.const:xdc_runtime_Startup_maxPasses__C)
                  00004604    00000004     release_pem4f.oem4f (.const:xdc_runtime_Startup_sfxnRts__C)
                  00004608    00000004     release_pem4f.oem4f (.const:xdc_runtime_Startup_sfxnTab__C)
                  0000460c    00000004     release_pem4f.oem4f (.const:xdc_runtime_SysCallback_abortFxn__C)
                  00004610    00000004     release_pem4f.oem4f (.const:xdc_runtime_SysCallback_exitFxn__C)
                  00004614    00000004     release_pem4f.oem4f (.const:xdc_runtime_System_Module__gateObj__C)
                  00004618    00000004     release_pem4f.oem4f (.const:xdc_runtime_System_abortFxn__C)
                  0000461c    00000004     release_pem4f.oem4f (.const:xdc_runtime_System_exitFxn__C)
                  00004620    00000004     release_pem4f.oem4f (.const:xdc_runtime_System_maxAtexitHandlers__C)
                  00004624    00000002     release_pem4f.oem4f (.const:ti_sysbios_family_arm_msp432_init_Boot_bypassHFXT__C)
                  00004626    00000002     release_pem4f.oem4f (.const:ti_sysbios_family_arm_msp432_init_Boot_bypassLFXT__C)
                  00004628    00000002     release_pem4f.oem4f (.const:ti_sysbios_family_arm_msp432_init_Boot_enableHFXT__C)
                  0000462a    00000002     release_pem4f.oem4f (.const:ti_sysbios_family_arm_msp432_init_Boot_enableLFXT__C)
                  0000462c    00000002     release_pem4f.oem4f (.const:ti_sysbios_heaps_HeapMem_Module__id__C)
                  0000462e    00000002     release_pem4f.oem4f (.const:xdc_runtime_Memory_Module__id__C)
                  00004630    00000001     release_pem4f.oem4f (.const:xdc_runtime_Error_policy__C)

.cinit     0    00004638    00000228     
                  00004638    00000203     (.cinit..data.load) [load image, compression = lzss]
                  0000483b    00000001     --HOLE-- [fill = 0]
                  0000483c    0000000c     (__TI_handler_table)
                  00004848    00000008     (.cinit..bss.load) [load image, compression = zero_init]
                  00004850    00000010     (__TI_cinit_table)

.init_array 
*          0    00000000    00000000     UNINITIALIZED

.data      0    20008140    000005fa     UNINITIALIZED
                  20008140    00000140     drivers_msp432p401x.aem4f : PowerMSP432.oem4f (.data:PowerMSP432_perfLevels)
                  20008280    00000088     sysbios.aem4f : BIOS.obj (.data:$O1$$)
                  20008308    00000080     release_pem4f.oem4f (.data:ti_sysbios_knl_Swi_Module_State_0_readyQ__A)
                  20008388    00000080     release_pem4f.oem4f (.data:ti_sysbios_knl_Task_Module_State_0_readyQ__A)
                  20008408    00000054     release_pem4f.oem4f (.data:ti_sysbios_gates_GateMutex_Object__table__V)
                  2000845c    0000004c     release_pem4f.oem4f (.data:ti_sysbios_knl_Task_Object__table__V)
                  200084a8    00000044     release_pem4f.oem4f (.data:ti_sysbios_family_arm_msp432_Timer_Object__table__V)
                  200084ec    00000044     release_pem4f.oem4f (.data:ti_sysbios_knl_Task_Module__state__V)
                  20008530    00000034     release_pem4f.oem4f (.data:ti_sysbios_family_arm_m3_Hwi_Module__state__V)
                  20008564    00000030     release_pem4f.oem4f (.data:ti_sysbios_knl_Swi_Object__table__V)
                  20008594    0000002c     drivers_msp432p401x.aem4f : PowerMSP432.oem4f (.data:PowerMSP432_module)
                  200085c0    0000002c     release_pem4f.oem4f (.data:ti_sysbios_knl_Clock_Module__state__V)
                  200085ec    00000024     release_pem4f.oem4f (.data:ti_sysbios_BIOS_Module__state__V)
                  20008610    00000020     release_pem4f.oem4f (.data:ti_sysbios_family_arm_msp432_Timer_Module_State_0_device__A)
                  20008630    00000020     release_pem4f.oem4f (.data:xdc_runtime_Error_IgnoreBlock)
                  20008650    0000001c     release_pem4f.oem4f (.data:ti_sysbios_knl_Swi_Module__state__V)
                  2000866c    00000018     release_pem4f.oem4f (.data:ti_sysbios_family_arm_m3_Hwi_Object__table__V)
                  20008684    00000018     release_pem4f.oem4f (.data:ti_sysbios_heaps_HeapMem_Object__table__V)
                  2000869c    00000010     release_pem4f.oem4f (.data:ti_sysbios_family_arm_msp432_Timer_Module_State_0_handles__A)
                  200086ac    0000000c     release_pem4f.oem4f (.data:ti_sysbios_family_arm_msp432_ClockFreqs_Module__state__V)
                  200086b8    0000000c     release_pem4f.oem4f (.data:ti_sysbios_family_arm_msp432_Timer_Module__state__V)
                  200086c4    00000008     rtsv7M4_T_le_v4SPD16_eabi.lib : _lock.c.obj (.data:$O1$$)
                  200086cc    00000008     release_pem4f.oem4f (.data:ti_sysbios_family_arm_m3_Hwi_Module__root__V)
                  200086d4    00000008     release_pem4f.oem4f (.data:ti_sysbios_gates_GateHwi_Module__root__V)
                  200086dc    00000008     release_pem4f.oem4f (.data:ti_sysbios_gates_GateMutex_Module__root__V)
                  200086e4    00000008     release_pem4f.oem4f (.data:ti_sysbios_heaps_HeapMem_Module__root__V)
                  200086ec    00000008     release_pem4f.oem4f (.data:ti_sysbios_knl_Queue_Module__root__V)
                  200086f4    00000008     release_pem4f.oem4f (.data:ti_sysbios_knl_Semaphore_Module__root__V)
                  200086fc    00000008     release_pem4f.oem4f (.data:ti_sysbios_knl_Task_Module__root__V)
                  20008704    00000008     release_pem4f.oem4f (.data:xdc_runtime_Startup_Module__state__V)
                  2000870c    00000008     release_pem4f.oem4f (.data:xdc_runtime_System_Module_State_0_atexitHandlers__A)
                  20008714    00000008     release_pem4f.oem4f (.data:xdc_runtime_System_Module__state__V)
                  2000871c    00000004     rtsv7M4_T_le_v4SPD16_eabi.lib : stkdepth_vars.c.obj (.data)
                  20008720    00000004     release_pem4f.oem4f (.data:ti_sysbios_family_arm_m3_Hwi_Module_State_0_excContext__A)
                  20008724    00000004     release_pem4f.oem4f (.data:ti_sysbios_family_arm_m3_Hwi_Module_State_0_excStack__A)
                  20008728    00000004     release_pem4f.oem4f (.data:ti_sysbios_gates_GateHwi_Object__table__V)
                  2000872c    00000004     release_pem4f.oem4f (.data:ti_sysbios_knl_Task_Module_State_0_idleTask__A)
                  20008730    00000004     release_pem4f.oem4f (.data:ti_sysbios_rts_ti_ReentSupport_Module__state__V)
                  20008734    00000004     release_pem4f.oem4f (.data:xdc_runtime_Memory_Module__state__V)
                  20008738    00000002     release_pem4f.oem4f (.data:ti_sysbios_family_arm_m3_Hwi_Module_State_0_excActive__A)

.bss       0    20008740    0000034c     UNINITIALIZED
                  20008740    00000200     release_pem4f.oem4f (.bss:taskStackSection)
                  20008940    00000140     (.common:ti_sysbios_family_arm_m3_Hwi_dispatchTable)
                  20008a80    00000008     msp432p4xx_driverlib.lib : cs.o (.bss)
                  20008a88    00000004     (.common:ti_sysbios_knl_Task_Instance_State_0_hookEnv__A)

.priheap   0    20000140    00008000     UNINITIALIZED
                  20000140    00008000     --HOLE--

.stack     0    2000fc00    00000400     UNINITIALIZED
                  2000fc00    00000400     --HOLE--

.bootVecs 
*          0    00000000    00000008     DSECT
                  00000000    00000008     boot.aem4f : boot.oem4f (.bootVecs)

.resetVecs 
*          0    00000000    0000003c     
                  00000000    0000003c     release_pem4f.oem4f (.resetVecs)

.vecs      0    20000000    00000140     NOLOAD SECTION
                  20000000    00000140     release_pem4f.oem4f (.vecs)

xdc.meta   0    00000000    00000106     COPY SECTION
                  00000000    00000106     release_pem4f.oem4f (xdc.meta)

xdc.noload 
*          0    00000000    00000000     COPY SECTION

__llvm_prf_cnts 
*          0    20000000    00000000     UNINITIALIZED

.binit     0    00000000    00000000     

MODULE SUMMARY

       Module                       code    ro data   rw data
       ------                       ----    -------   -------
    .\
       thread.obj                   272     0         0      
       main_tirtos.obj              100     0         0      
    +--+----------------------------+-------+---------+---------+
       Total:                       372     0         0      
                                                             
    .\DRIVERS\
       GPIO_MSP432.obj              312     56        0      
    +--+----------------------------+-------+---------+---------+
       Total:                       312     56        0      
                                                             
    .\syscfg\
       ti_drivers_config.obj        14      56        0      
    +--+----------------------------+-------+---------+---------+
       Total:                       14      56        0      
                                                             
    C:\Users\Eric\Desktop\ARQUI\ejemplo2\tirtos_builds_MSP_EXP432P401R_release_ccs\Debug\configPkg\package\cfg\
       release_pem4f.oem4f          1326    993       4348   
    +--+----------------------------+-------+---------+---------+
       Total:                       1326    993       4348   
                                                             
    C:/ti/simplelink_msp432p4_sdk_3_40_01_02/kernel/tirtos/packages/ti/dpl/lib/dpl_msp432p401x.aem4f
       PowerMSP432_tirtos.oem4f     122     0         0      
       HwiP_tirtos.oem4f            80      0         0      
    +--+----------------------------+-------+---------+---------+
       Total:                       202     0         0      
                                                             
    C:/ti/simplelink_msp432p4_sdk_3_40_01_02/source/ti/devices/msp432p4xx/driverlib/ccs/msp432p4xx_driverlib.lib
       pcm.o                        1770    0         0      
       cs.o                         704     0         16     
       sysctl_a.o                   64      0         0      
       rtc_c.o                      44      0         0      
       wdt_a.o                      36      0         0      
       cpu.o                        28      0         0      
       sysctl.o                     16      0         0      
    +--+----------------------------+-------+---------+---------+
       Total:                       2662    0         16     
                                                             
    C:/ti/simplelink_msp432p4_sdk_3_40_01_02/source/ti/drivers/lib/drivers_msp432p401x.aem4f
       PowerMSP432.oem4f            1864    0         728    
    +--+----------------------------+-------+---------+---------+
       Total:                       1864    0         728    
                                                             
    C:\Users\Eric\Desktop\ARQUI\ejemplo2\tirtos_builds_MSP_EXP432P401R_release_ccs\src\sysbios\sysbios.aem4f
       BIOS.obj                     8410    0         272    
       m3_Hwi_asm.obj               318     0         0      
       m3_TaskSupport_asm.obj       180     0         0      
       m3_Hwi_asm_switch.obj        118     0         0      
    +--+----------------------------+-------+---------+---------+
       Total:                       9026    0         272    
                                                             
    C:\ti\ccs1260\ccs\tools\compiler\ti-cgt-arm_20.2.7.LTS\lib\rtsv7M4_T_le_v4SPD16_eabi.lib
       memcpy_t2.asm.obj            156     0         0      
       memset_t2.asm.obj            122     0         0      
       copy_decompress_lzss.c.obj   104     0         0      
       cpy_tbl.c.obj                76      0         0      
       _lock.c.obj                  26      0         16     
       copy_zero_init.c.obj         28      0         0      
       args_main.c.obj              24      0         0      
       copy_decompress_none.c.obj   14      0         0      
       stkdepth_vars.c.obj          0       0         8      
    +--+----------------------------+-------+---------+---------+
       Total:                       550     0         24     
                                                             
    C:\ti\simplelink_msp432p4_sdk_3_40_01_02\kernel\tirtos\packages\ti\targets\arm\rtsarm\lib\auto_init.aem4f
       auto_init.oem4f              160     0         0      
    +--+----------------------------+-------+---------+---------+
       Total:                       160     0         0      
                                                             
    C:\ti\simplelink_msp432p4_sdk_3_40_01_02\kernel\tirtos\packages\ti\targets\arm\rtsarm\lib\boot.aem4f
       boot.oem4f                   88      0         0      
    +--+----------------------------+-------+---------+---------+
       Total:                       88      0         0      
                                                             
       Stack:                       0       0         2048   
       Linker Generated:            0       551       0      
    +--+----------------------------+-------+---------+---------+
       Grand Total:                 16576   1656      7436   


LINKER GENERATED COPY TABLES

__TI_cinit_table @ 00004850 records: 2, size/record: 8, table size: 16
	.data: load addr=00004638, load size=00000203 bytes, run addr=20008140, run size=000005fa bytes, compression=lzss
	.bss: load addr=00004848, load size=00000008 bytes, run addr=20008740, run size=0000034c bytes, compression=zero_init


LINKER GENERATED HANDLER TABLE

__TI_handler_table @ 0000483c records: 3, size/record: 4, table size: 12
	index: 0, handler: __TI_decompress_lzss
	index: 1, handler: __TI_decompress_none
	index: 2, handler: __TI_zero_init


GLOBAL SYMBOLS: SORTED ALPHABETICALLY BY Name 

address   name                                                            
-------   ----                                                            
000035af  Actividad_9                                                     
0000407f  Board_init                                                      
000005c3  Board_initHook                                                  
0000408b  CPU_cpsid                                                       
00004097  CPU_cpsie                                                       
00001005  CPU_wfi                                                         
00003a75  CS_setExternalClockSourceFrequency                              
000012e1  CS_startHFXTWithTimeout                                         
000013c5  CS_startLFXTWithTimeout                                         
00003771  GPIO_setPinAlto                                                 
00003799  GPIO_setPinBajo                                                 
00002929  GPIO_setPinEntradaconPullUp                                     
00002ff5  GPIO_setPinSalida                                               
000038d9  Gpio_Pin_in                                                     
00008000  HEAPSIZE                                                        
00003edd  HwiP_Params_init                                                
00003035  HwiP_create                                                     
00002751  PCM_getCoreVoltageLevel                                         
000028cd  PCM_getPowerMode                                                
00003df9  PCM_getPowerState                                               
000037c1  PCM_gotoLPM0                                                    
00002091  PCM_gotoLPM3                                                    
00003eed  PCM_gotoLPM4                                                    
00003efd  PCM_setPowerMode                                                
00003f0d  PCM_setPowerState                                               
00002a31  PCM_shutdownDevice                                              
00004258  PowerMSP432_config                                              
00001967  PowerMSP432_initPolicy                                          
20008594  PowerMSP432_module                                              
20008140  PowerMSP432_perfLevels                                          
00002bd1  PowerMSP432_sleepPolicy                                         
000035db  PowerMSP432_updateFreqs                                         
000040a5  Power_getConstraintMask                                         
00003e0d  Power_idleFunc                                                  
00001b55  Power_init                                                      
00000041  Power_sleep                                                     
00003609  RTC_C_holdClock                                                 
UNDEFED   SHT$$INIT_ARRAY$$Base                                           
UNDEFED   SHT$$INIT_ARRAY$$Limit                                          
00003ca5  SysCtl_A_disableNMISource                                       
00003cbd  SysCtl_A_enableNMISource                                        
00003f1d  SysCtl_A_getNMISourceStatus                                     
00003f2d  SysCtl_getNMISourceStatus                                       
4000480c  WDTCTL_SYM                                                      
000038fd  WDT_A_holdTimer                                                 
00000000  __ASM__                                                         
00000087  __ISA__                                                         
0000009a  __PLAT__                                                        
20010000  __STACK_END                                                     
00000400  __STACK_SIZE                                                    
000000bd  __TARG__                                                        
00004850  __TI_CINIT_Base                                                 
00004860  __TI_CINIT_Limit                                                
0000483c  __TI_Handler_Table_Base                                         
00004848  __TI_Handler_Table_Limit                                        
00001ab5  __TI_auto_init                                                  
00002485  __TI_decompress_lzss                                            
00004041  __TI_decompress_none                                            
ffffffff  __TI_pprof_out_hndl                                             
ffffffff  __TI_prof_data_size                                             
ffffffff  __TI_prof_data_start                                            
00004638  __TI_static_base__                                              
00003b77  __TI_zero_init_nomemset                                         
000000e3  __TRDR__                                                        
000041c9  __aeabi_errno_addr                                              
00002329  __aeabi_memclr                                                  
00002329  __aeabi_memclr4                                                 
00002329  __aeabi_memclr8                                                 
00001bf1  __aeabi_memcpy                                                  
00001bf1  __aeabi_memcpy4                                                 
00001bf1  __aeabi_memcpy8                                                 
0000232b  __aeabi_memset                                                  
0000232b  __aeabi_memset4                                                 
0000232b  __aeabi_memset8                                                 
ffffffff  __binit__                                                       
ffffffff  __c_args__                                                      
20008140  __primary_heap_end__                                            
20000140  __primary_heap_start__                                          
2000fc00  __stack                                                         
20000000  __start___llvm_prf_cnts                                         
20000000  __stop___llvm_prf_cnts                                          
00003cd5  _args_main                                                      
00002981  _c_int00                                                        
200086c4  _lock                                                           
00002005  _nop                                                            
00003639  _pthread_cleanupFxn                                             
00003e89  _pthread_cleanup_pop                                            
00001c91  _pthread_removeThreadKeys                                       
000040b1  _register_lock                                                  
000040bd  _register_unlock                                                
200086c8  _unlock                                                         
ffffffff  binit                                                           
00002c1d  copy_in                                                         
00002559  main                                                            
00000ad9  mainThread                                                      
2000871c  main_func_sp                                                    
00001bf1  memcpy                                                          
00002331  memset                                                          
0000452c  p1_in                                                           
00004530  p2_in                                                           
00003921  pthread_attr_init                                               
00004051  pthread_attr_setdetachstate                                     
00003e21  pthread_attr_setschedparam                                      
00004181  pthread_attr_setstacksize                                       
00001101  pthread_create                                                  
000025c1  pthread_exit                                                    
000040c9  pthread_self                                                    
00003581  pthread_setcancelstate                                          
200085ec  ti_sysbios_BIOS_Module__state__V                                
000036c1  ti_sysbios_BIOS_RtsGateProxy_Handle__label__S                   
000014a5  ti_sysbios_BIOS_RtsGateProxy_enter__E                           
00001665  ti_sysbios_BIOS_RtsGateProxy_leave__E                           
000041d9  ti_sysbios_BIOS_RtsGateProxy_query__E                           
000032dd  ti_sysbios_BIOS_atExitFunc__I                                   
00003dc9  ti_sysbios_BIOS_exitFunc__I                                     
00003f41  ti_sysbios_BIOS_exit__E                                         
000041e9  ti_sysbios_BIOS_linkedWithIncorrectBootLibrary__E               
00002007  ti_sysbios_BIOS_nullFunc__I                                     
00003945  ti_sysbios_BIOS_registerRTSLock__I                              
00003969  ti_sysbios_BIOS_removeRTSLock__I                                
00003a95  ti_sysbios_BIOS_rtsLock__I                                      
00003ced  ti_sysbios_BIOS_rtsUnlock__I                                    
00003f51  ti_sysbios_BIOS_setCpuFreq__E                                   
00003f61  ti_sysbios_BIOS_setThreadType__E                                
0000330d  ti_sysbios_BIOS_startFunc__I                                    
00003f71  ti_sysbios_BIOS_start__E                                        
0000455c  ti_sysbios_family_arm_m3_Hwi_E_alreadyDefined__C                
00004560  ti_sysbios_family_arm_m3_Hwi_E_badIntNum__C                     
00003139  ti_sysbios_family_arm_m3_Hwi_Instance_finalize__E               
00001801  ti_sysbios_family_arm_m3_Hwi_Instance_init__E                   
20008738  ti_sysbios_family_arm_m3_Hwi_Module_State_0_excActive__A        
20008720  ti_sysbios_family_arm_m3_Hwi_Module_State_0_excContext__A       
20008724  ti_sysbios_family_arm_m3_Hwi_Module_State_0_excStack__A         
0000451e  ti_sysbios_family_arm_m3_Hwi_Module__id__C                      
200086cc  ti_sysbios_family_arm_m3_Hwi_Module__root__V                    
00003d05  ti_sysbios_family_arm_m3_Hwi_Module__startupDone__F             
00003d05  ti_sysbios_family_arm_m3_Hwi_Module__startupDone__S             
20008530  ti_sysbios_family_arm_m3_Hwi_Module__state__V                   
00002b31  ti_sysbios_family_arm_m3_Hwi_Module_startup__E                  
00004564  ti_sysbios_family_arm_m3_Hwi_NUM_INTERRUPTS__C                  
000043cc  ti_sysbios_family_arm_m3_Hwi_Object__DESC__C                    
000042c0  ti_sysbios_family_arm_m3_Hwi_Object__PARAMS__C                  
00004568  ti_sysbios_family_arm_m3_Hwi_Object__count__C                   
00003e35  ti_sysbios_family_arm_m3_Hwi_Object__get__S                     
2000866c  ti_sysbios_family_arm_m3_Hwi_Object__table__V                   
000040d5  ti_sysbios_family_arm_m3_Hwi_Params__init__S                    
0000456c  ti_sysbios_family_arm_m3_Hwi_ccr__C                             
00002a85  ti_sysbios_family_arm_m3_Hwi_create                             
00002e49  ti_sysbios_family_arm_m3_Hwi_disableInterrupt__E                
00002629  ti_sysbios_family_arm_m3_Hwi_dispatchC__I                       
20008940  ti_sysbios_family_arm_m3_Hwi_dispatchTable                      
000011f1  ti_sysbios_family_arm_m3_Hwi_dispatch__I                        
00004189  ti_sysbios_family_arm_m3_Hwi_doSwiRestore__I                    
00004199  ti_sysbios_family_arm_m3_Hwi_doTaskRestore__I                   
00002e91  ti_sysbios_family_arm_m3_Hwi_enableInterrupt__E                 
00003839  ti_sysbios_family_arm_m3_Hwi_excHandlerAsm__I                   
00004570  ti_sysbios_family_arm_m3_Hwi_excHandlerFunc__C                  
00003b99  ti_sysbios_family_arm_m3_Hwi_excHandler__I                      
00002f69  ti_sysbios_family_arm_m3_Hwi_getStackInfo__E                    
00001d29  ti_sysbios_family_arm_m3_Hwi_initNVIC__E                        
000029d9  ti_sysbios_family_arm_m3_Hwi_initStacks__E                      
000012c5  ti_sysbios_family_arm_m3_Hwi_interruptsAreDisabledButShouldNotBe
00004574  ti_sysbios_family_arm_m3_Hwi_nullIsrFunc__C                     
e000e000  ti_sysbios_family_arm_m3_Hwi_nvic                               
000038b1  ti_sysbios_family_arm_m3_Hwi_pendSV__I                          
00002199  ti_sysbios_family_arm_m3_Hwi_postInit__I                        
00004578  ti_sysbios_family_arm_m3_Hwi_priGroup__C                        
20000000  ti_sysbios_family_arm_m3_Hwi_ramVectors                         
00000000  ti_sysbios_family_arm_m3_Hwi_resetVectors                       
000038d5  ti_sysbios_family_arm_m3_Hwi_return                             
00004191  ti_sysbios_family_arm_m3_Hwi_startup__E                         
0000457c  ti_sysbios_family_arm_m3_Hwi_swiDisable__C                      
00004580  ti_sysbios_family_arm_m3_Hwi_swiRestore__C                      
00003e49  ti_sysbios_family_arm_m3_Hwi_switchFromBootStack__E             
000017fd  ti_sysbios_family_arm_m3_TaskSupport_Module__startupDone__S     
00001ee9  ti_sysbios_family_arm_m3_TaskSupport_buildTaskStack             
000040e1  ti_sysbios_family_arm_m3_TaskSupport_getStackAlignment__E       
00003f81  ti_sysbios_family_arm_m3_TaskSupport_glue                       
00004584  ti_sysbios_family_arm_m3_TaskSupport_stackAlignment__C          
00003341  ti_sysbios_family_arm_m3_TaskSupport_start__E                   
00003d1d  ti_sysbios_family_arm_m3_TaskSupport_swap__E                    
200086ac  ti_sysbios_family_arm_msp432_ClockFreqs_Module__state__V        
00003991  ti_sysbios_family_arm_msp432_ClockFreqs_setFrequency__E         
00003179  ti_sysbios_family_arm_msp432_Seconds_Module_startup__E          
20008610  ti_sysbios_family_arm_msp432_Timer_Module_State_0_device__A     
2000869c  ti_sysbios_family_arm_msp432_Timer_Module_State_0_handles__A    
00003d35  ti_sysbios_family_arm_msp432_Timer_Module__startupDone__F       
00003d35  ti_sysbios_family_arm_msp432_Timer_Module__startupDone__S       
200086b8  ti_sysbios_family_arm_msp432_Timer_Module__state__V             
00003079  ti_sysbios_family_arm_msp432_Timer_Module_startup__E            
200084a8  ti_sysbios_family_arm_msp432_Timer_Object__table__V             
000040f1  ti_sysbios_family_arm_msp432_Timer_getMaxTicks__E               
00002ad9  ti_sysbios_family_arm_msp432_Timer_initDevice__I                
00004588  ti_sysbios_family_arm_msp432_Timer_numTimerDevices__C           
00001969  ti_sysbios_family_arm_msp432_Timer_periodicStub__E              
00002c69  ti_sysbios_family_arm_msp432_Timer_postInit__I                  
00002cb9  ti_sysbios_family_arm_msp432_Timer_start__E                     
0000458c  ti_sysbios_family_arm_msp432_Timer_startupNeeded__C             
000030b9  ti_sysbios_family_arm_msp432_Timer_startup__E                   
00004624  ti_sysbios_family_arm_msp432_init_Boot_bypassHFXT__C            
00004626  ti_sysbios_family_arm_msp432_init_Boot_bypassLFXT__C            
00001009  ti_sysbios_family_arm_msp432_init_Boot_configureClocksHigh      
00003f91  ti_sysbios_family_arm_msp432_init_Boot_disableWatchdog          
00004628  ti_sysbios_family_arm_msp432_init_Boot_enableHFXT__C            
0000462a  ti_sysbios_family_arm_msp432_init_Boot_enableLFXT__C            
00003c8d  ti_sysbios_family_arm_msp432_init_Boot_init__I                  
00003b59  ti_sysbios_family_xxx_Hwi_switchAndRunFunc                      
00003695  ti_sysbios_gates_GateHwi_Handle__label__S                       
000041f1  ti_sysbios_gates_GateHwi_Instance_init__E                       
00004318  ti_sysbios_gates_GateHwi_Module__FXNS__C                        
200086d4  ti_sysbios_gates_GateHwi_Module__root__V                        
000043ec  ti_sysbios_gates_GateHwi_Object__DESC__C                        
000044ac  ti_sysbios_gates_GateHwi_Object__PARAMS__C                      
00003371  ti_sysbios_gates_GateHwi_Object__create__S                      
00003ab5  ti_sysbios_gates_GateHwi_Object__delete__S                      
20008728  ti_sysbios_gates_GateHwi_Object__table__V                       
00004101  ti_sysbios_gates_GateHwi_enter__E                               
000041a1  ti_sysbios_gates_GateHwi_leave__E                               
000041d1  ti_sysbios_gates_GateHwi_query__E                               
000036c1  ti_sysbios_gates_GateMutex_Handle__label__S                     
00004590  ti_sysbios_gates_GateMutex_Instance_State_sem__O                
00003fa1  ti_sysbios_gates_GateMutex_Instance_finalize__E                 
00003bb9  ti_sysbios_gates_GateMutex_Instance_init__E                     
0000433c  ti_sysbios_gates_GateMutex_Module__FXNS__C                      
200086dc  ti_sysbios_gates_GateMutex_Module__root__V                      
0000440c  ti_sysbios_gates_GateMutex_Object__DESC__C                      
000044c4  ti_sysbios_gates_GateMutex_Object__PARAMS__C                    
000033a1  ti_sysbios_gates_GateMutex_Object__create__S                    
000039b5  ti_sysbios_gates_GateMutex_Object__delete__S                    
20008408  ti_sysbios_gates_GateMutex_Object__table__V                     
000033d1  ti_sysbios_gates_GateMutex_enter__E                             
00003d51  ti_sysbios_gates_GateMutex_leave__E                             
000041d9  ti_sysbios_gates_GateMutex_query__E                             
00003d05  ti_sysbios_hal_Hwi_HwiProxy_Module__startupDone__S              
000040d5  ti_sysbios_hal_Hwi_HwiProxy_Params__init__S                     
00002e49  ti_sysbios_hal_Hwi_HwiProxy_disableInterrupt__E                 
00002e91  ti_sysbios_hal_Hwi_HwiProxy_enableInterrupt__E                  
00002f69  ti_sysbios_hal_Hwi_HwiProxy_getStackInfo__E                     
00004191  ti_sysbios_hal_Hwi_HwiProxy_startup__E                          
00003e49  ti_sysbios_hal_Hwi_HwiProxy_switchFromBootStack__E              
00003eb9  ti_sysbios_hal_Hwi_Module_startup__E                            
00002e49  ti_sysbios_hal_Hwi_disableInterrupt__E                          
00002e91  ti_sysbios_hal_Hwi_enableInterrupt__E                           
00002f69  ti_sysbios_hal_Hwi_getStackInfo__E                              
000032a9  ti_sysbios_hal_Hwi_initStack                                    
00004191  ti_sysbios_hal_Hwi_startup__E                                   
00003e49  ti_sysbios_hal_Hwi_switchFromBootStack__E                       
00004594  ti_sysbios_heaps_HeapMem_E_memory__C                            
000036ed  ti_sysbios_heaps_HeapMem_Handle__label__S                       
000030f9  ti_sysbios_heaps_HeapMem_Instance_init__E                       
000036c1  ti_sysbios_heaps_HeapMem_Module_GateProxy_Handle__label__S      
00001963  ti_sysbios_heaps_HeapMem_Module_GateProxy_enter__E              
00001c8d  ti_sysbios_heaps_HeapMem_Module_GateProxy_leave__E              
000041d9  ti_sysbios_heaps_HeapMem_Module_GateProxy_query__E              
000042f0  ti_sysbios_heaps_HeapMem_Module__FXNS__C                        
00004598  ti_sysbios_heaps_HeapMem_Module__gateObj__C                     
0000462c  ti_sysbios_heaps_HeapMem_Module__id__C                          
200086e4  ti_sysbios_heaps_HeapMem_Module__root__V                        
0000442c  ti_sysbios_heaps_HeapMem_Object__DESC__C                        
00004360  ti_sysbios_heaps_HeapMem_Object__PARAMS__C                      
0000459c  ti_sysbios_heaps_HeapMem_Object__count__C                       
00003401  ti_sysbios_heaps_HeapMem_Object__create__S                      
00003ad5  ti_sysbios_heaps_HeapMem_Object__delete__S                      
00003e5d  ti_sysbios_heaps_HeapMem_Object__get__S                         
20008684  ti_sysbios_heaps_HeapMem_Object__table__V                       
00001669  ti_sysbios_heaps_HeapMem_alloc__E                               
00002221  ti_sysbios_heaps_HeapMem_free__E                                
00002d09  ti_sysbios_heaps_HeapMem_getStats__E                            
000023a9  ti_sysbios_heaps_HeapMem_initPrimary__I                         
000041a9  ti_sysbios_heaps_HeapMem_isBlocking__E                          
000045a0  ti_sysbios_heaps_HeapMem_primaryHeapBaseAddr__C                 
000045a4  ti_sysbios_heaps_HeapMem_primaryHeapEndAddr__C                  
000045a8  ti_sysbios_heaps_HeapMem_reqAlign__C                            
000045ac  ti_sysbios_knl_Clock_Module_State_clockQ__O                     
200085c0  ti_sysbios_knl_Clock_Module__state__V                           
000039d9  ti_sysbios_knl_Clock_Module_startup__E                          
00003d35  ti_sysbios_knl_Clock_TimerProxy_Module__startupDone__S          
00001d25  ti_sysbios_knl_Clock_TimerProxy_getMaxTicks__E                  
000030b9  ti_sysbios_knl_Clock_TimerProxy_startup__E                      
00003861  ti_sysbios_knl_Clock_addI__E                                    
00003719  ti_sysbios_knl_Clock_doTick__I                                  
000041f9  ti_sysbios_knl_Clock_logTick__E                                 
000045b0  ti_sysbios_knl_Clock_tickPeriod__C                              
000022a9  ti_sysbios_knl_Clock_workFunc__E                                
00004534  ti_sysbios_knl_Idle_funcList__A                                 
0000453c  ti_sysbios_knl_Idle_funcList__C                                 
00004061  ti_sysbios_knl_Idle_loop__E                                     
00003af9  ti_sysbios_knl_Idle_run__E                                      
000045b4  ti_sysbios_knl_Mailbox_Instance_State_freeQue__O                
00002ed9  ti_sysbios_knl_Mailbox_Module_startup__E                        
000045b8  ti_sysbios_knl_Mailbox_Object__count__C                         
00003fb1  ti_sysbios_knl_Mailbox_Object__get__S                           
000045bc  ti_sysbios_knl_Mailbox_maxTypeAlign__C                          
00003431  ti_sysbios_knl_Mailbox_postInit__I                              
000041b1  ti_sysbios_knl_Queue_Instance_init__E                           
200086ec  ti_sysbios_knl_Queue_Module__root__V                            
0000444c  ti_sysbios_knl_Queue_Object__DESC__C                            
000044dc  ti_sysbios_knl_Queue_Object__PARAMS__C                          
0000410d  ti_sysbios_knl_Queue_Object__get__S                             
00003745  ti_sysbios_knl_Queue_construct                                  
00003bd5  ti_sysbios_knl_Queue_destruct                                   
00004071  ti_sysbios_knl_Queue_empty__E                                   
00003bf1  ti_sysbios_knl_Queue_put__E                                     
000045c0  ti_sysbios_knl_Semaphore_Instance_State_pendQ__O                
00003fc1  ti_sysbios_knl_Semaphore_Instance_finalize__E                   
00003a01  ti_sysbios_knl_Semaphore_Instance_init__E                       
200086f4  ti_sysbios_knl_Semaphore_Module__root__V                        
0000446c  ti_sysbios_knl_Semaphore_Object__DESC__C                        
00004384  ti_sysbios_knl_Semaphore_Object__PARAMS__C                      
[...]
00003c31  ti_sysbios_rts_ti_ReentSupport_getReent__F                      
00003c51  xdc_runtime_Memory_valloc__E                                    
00003c71  xdc_runtime_System_abort__E                                     
00003c8d  ti_sysbios_family_arm_msp432_init_Boot_init__I                  
00003c8d  xdc_runtime_Startup_reset__I                                    
00003ca5  SysCtl_A_disableNMISource                                       
00003cbd  SysCtl_A_enableNMISource                                        
00003cd5  _args_main                                                      
00003ced  ti_sysbios_BIOS_rtsUnlock__I                                    
00003d05  ti_sysbios_family_arm_m3_Hwi_Module__startupDone__F             
00003d05  ti_sysbios_family_arm_m3_Hwi_Module__startupDone__S             
00003d05  ti_sysbios_hal_Hwi_HwiProxy_Module__startupDone__S              
00003d1d  ti_sysbios_family_arm_m3_TaskSupport_swap__E                    
00003d1d  ti_sysbios_knl_Task_SupportProxy_swap__E                        
00003d29  ti_sysbios_knl_Task_swapReturn                                  
00003d35  ti_sysbios_family_arm_msp432_Timer_Module__startupDone__F       
00003d35  ti_sysbios_family_arm_msp432_Timer_Module__startupDone__S       
00003d35  ti_sysbios_knl_Clock_TimerProxy_Module__startupDone__S          
00003d51  ti_sysbios_gates_GateMutex_leave__E                             
00003d69  ti_sysbios_knl_Task_sleepTimeout__I                             
00003d81  ti_sysbios_rts_ti_ReentSupport_getTlsAddr__I                    
00003d99  xdc_runtime_Error_init__E                                       
00003db1  xdc_runtime_System_exit__E                                      
00003dc9  ti_sysbios_BIOS_exitFunc__I                                     
00003de1  ti_sysbios_knl_Task_unblock__E                                  
00003df9  PCM_getPowerState                                               
00003e0d  Power_idleFunc                                                  
00003e21  pthread_attr_setschedparam                                      
00003e35  ti_sysbios_family_arm_m3_Hwi_Object__get__S                     
00003e49  ti_sysbios_family_arm_m3_Hwi_switchFromBootStack__E             
00003e49  ti_sysbios_hal_Hwi_HwiProxy_switchFromBootStack__E              
00003e49  ti_sysbios_hal_Hwi_switchFromBootStack__E                       
00003e5d  ti_sysbios_heaps_HeapMem_Object__get__S                         
00003e71  ti_sysbios_knl_Swi_Object__get__S                               
00003e89  _pthread_cleanup_pop                                            
00003eb9  ti_sysbios_hal_Hwi_Module_startup__E                            
00003ecb  xdc_runtime_Startup_exec__I                                     
00003edd  HwiP_Params_init                                                
00003eed  PCM_gotoLPM4                                                    
00003efd  PCM_setPowerMode                                                
00003f0d  PCM_setPowerState                                               
00003f1d  SysCtl_A_getNMISourceStatus                                     
00003f2d  SysCtl_getNMISourceStatus                                       
00003f41  ti_sysbios_BIOS_exit__E                                         
00003f51  ti_sysbios_BIOS_setCpuFreq__E                                   
00003f61  ti_sysbios_BIOS_setThreadType__E                                
00003f71  ti_sysbios_BIOS_start__E                                        
00003f81  ti_sysbios_family_arm_m3_TaskSupport_glue                       
00003f91  ti_sysbios_family_arm_msp432_init_Boot_disableWatchdog          
00003fa1  ti_sysbios_gates_GateMutex_Instance_finalize__E                 
00003fb1  ti_sysbios_knl_Mailbox_Object__get__S                           
00003fc1  ti_sysbios_knl_Semaphore_Instance_finalize__E                   
00003fd1  ti_sysbios_knl_Swi_disable__E                                   
00003fe1  ti_sysbios_knl_Task_Object__get__S                              
00003ff1  ti_sysbios_knl_Task_disable__E                                  
00004001  xdc_runtime_Gate_leaveSystem__E                                 
00004011  xdc_runtime_Memory_free__E                                      
00004021  xdc_runtime_SysCallback_abort__E                                
00004021  xdc_runtime_System_SupportProxy_abort__E                        
00004031  xdc_runtime_SysCallback_exit__E                                 
00004031  xdc_runtime_System_SupportProxy_exit__E                         
00004041  __TI_decompress_none                                            
00004051  pthread_attr_setdetachstate                                     
00004061  ti_sysbios_knl_Idle_loop__E                                     
00004071  ti_sysbios_knl_Queue_empty__E                                   
0000407f  Board_init                                                      
0000408b  CPU_cpsid                                                       
00004097  CPU_cpsie                                                       
000040a5  Power_getConstraintMask                                         
000040b1  _register_lock                                                  
000040bd  _register_unlock                                                
000040c9  pthread_self                                                    
000040d5  ti_sysbios_family_arm_m3_Hwi_Params__init__S                    
000040d5  ti_sysbios_hal_Hwi_HwiProxy_Params__init__S                     
000040e1  ti_sysbios_family_arm_m3_TaskSupport_getStackAlignment__E       
000040e1  ti_sysbios_knl_Task_SupportProxy_getStackAlignment__E           
000040f1  ti_sysbios_family_arm_msp432_Timer_getMaxTicks__E               
00004101  ti_sysbios_gates_GateHwi_enter__E                               
0000410d  ti_sysbios_knl_Queue_Object__get__S                             
00004119  ti_sysbios_knl_Semaphore_Params__init__S                        
00004125  ti_sysbios_knl_Task_Params__init__S                             
00004131  ti_sysbios_knl_Task_self__E                                     
00004141  ti_sysbios_rts_ti_ReentSupport_taskRegHook__I                   
00004151  xdc_runtime_Gate_enterSystem__E                                 
00004161  xdc_runtime_Startup_rtsDone__E                                  
0000416d  xdc_runtime_Memory_HeapProxy_alloc__E                           
00004177  xdc_runtime_Memory_HeapProxy_free__E                            
00004181  pthread_attr_setstacksize                                       
00004189  ti_sysbios_family_arm_m3_Hwi_doSwiRestore__I                    
00004191  ti_sysbios_family_arm_m3_Hwi_startup__E                         
00004191  ti_sysbios_hal_Hwi_HwiProxy_startup__E                          
00004191  ti_sysbios_hal_Hwi_startup__E                                   
00004199  ti_sysbios_family_arm_m3_Hwi_doTaskRestore__I                   
000041a1  ti_sysbios_gates_GateHwi_leave__E                               
000041a9  ti_sysbios_heaps_HeapMem_isBlocking__E                          
000041b1  ti_sysbios_knl_Queue_Instance_init__E                           
000041b9  ti_sysbios_knl_Swi_startup__E                                   
000041c1  xdc_runtime_System_Module_startup__E                            
000041c9  __aeabi_errno_addr                                              
000041d1  ti_sysbios_gates_GateHwi_query__E                               
000041d1  xdc_runtime_Main_Module_GateProxy_query__E                      
000041d1  xdc_runtime_System_Module_GateProxy_query__E                    
000041d9  ti_sysbios_BIOS_RtsGateProxy_query__E                           
000041d9  ti_sysbios_gates_GateMutex_query__E                             
000041d9  ti_sysbios_heaps_HeapMem_Module_GateProxy_query__E              
000041e1  ti_sysbios_knl_Task_startup__E                                  
000041e9  ti_sysbios_BIOS_linkedWithIncorrectBootLibrary__E               
000041f1  ti_sysbios_gates_GateHwi_Instance_init__E                       
000041f9  ti_sysbios_knl_Clock_logTick__E                                 
00004201  xdc_runtime_SysCallback_defaultAbort                            
00004209  xdc_runtime_SysCallback_defaultExit                             
00004211  xdc_runtime_System_abortSpin__E                                 
00004219  xdc_runtime_System_exitSpin__E                                  
0000421c  ti_sysbios_knl_Task_Object__PARAMS__C                           
00004258  PowerMSP432_config                                              
000042c0  ti_sysbios_family_arm_m3_Hwi_Object__PARAMS__C                  
000042f0  ti_sysbios_heaps_HeapMem_Module__FXNS__C                        
00004318  ti_sysbios_gates_GateHwi_Module__FXNS__C                        
0000433c  ti_sysbios_gates_GateMutex_Module__FXNS__C                      
00004360  ti_sysbios_heaps_HeapMem_Object__PARAMS__C                      
00004384  ti_sysbios_knl_Semaphore_Object__PARAMS__C                      
000043a8  xdc_runtime_Startup_sfxnTab__A                                  
000043cc  ti_sysbios_family_arm_m3_Hwi_Object__DESC__C                    
000043ec  ti_sysbios_gates_GateHwi_Object__DESC__C                        
0000440c  ti_sysbios_gates_GateMutex_Object__DESC__C                      
0000442c  ti_sysbios_heaps_HeapMem_Object__DESC__C                        
0000444c  ti_sysbios_knl_Queue_Object__DESC__C                            
0000446c  ti_sysbios_knl_Semaphore_Object__DESC__C                        
0000448c  ti_sysbios_knl_Task_Object__DESC__C                             
000044ac  ti_sysbios_gates_GateHwi_Object__PARAMS__C                      
000044c4  ti_sysbios_gates_GateMutex_Object__PARAMS__C                    
000044dc  ti_sysbios_knl_Queue_Object__PARAMS__C                          
000044f4  ti_sysbios_knl_Task_hooks__A                                    
0000450c  xdc_runtime_Startup_sfxnRts__A                                  
0000451e  ti_sysbios_family_arm_m3_Hwi_Module__id__C                      
00004520  xdc_runtime_Startup_firstFxns__A                                
0000452c  p1_in                                                           
00004530  p2_in                                                           
00004534  ti_sysbios_knl_Idle_funcList__A                                 
0000453c  ti_sysbios_knl_Idle_funcList__C                                 
00004544  ti_sysbios_knl_Task_hooks__C                                    
0000454c  xdc_runtime_Startup_firstFxns__C                                
00004554  xdc_runtime_Startup_lastFxns__C                                 
0000455c  ti_sysbios_family_arm_m3_Hwi_E_alreadyDefined__C                
00004560  ti_sysbios_family_arm_m3_Hwi_E_badIntNum__C                     
00004564  ti_sysbios_family_arm_m3_Hwi_NUM_INTERRUPTS__C                  
00004568  ti_sysbios_family_arm_m3_Hwi_Object__count__C                   
0000456c  ti_sysbios_family_arm_m3_Hwi_ccr__C                             
00004570  ti_sysbios_family_arm_m3_Hwi_excHandlerFunc__C                  
00004574  ti_sysbios_family_arm_m3_Hwi_nullIsrFunc__C                     
00004578  ti_sysbios_family_arm_m3_Hwi_priGroup__C                        
0000457c  ti_sysbios_family_arm_m3_Hwi_swiDisable__C                      
00004580  ti_sysbios_family_arm_m3_Hwi_swiRestore__C                      
00004584  ti_sysbios_family_arm_m3_TaskSupport_stackAlignment__C          
00004588  ti_sysbios_family_arm_msp432_Timer_numTimerDevices__C           
0000458c  ti_sysbios_family_arm_msp432_Timer_startupNeeded__C             
00004590  ti_sysbios_gates_GateMutex_Instance_State_sem__O                
00004594  ti_sysbios_heaps_HeapMem_E_memory__C                            
00004598  ti_sysbios_heaps_HeapMem_Module__gateObj__C                     
0000459c  ti_sysbios_heaps_HeapMem_Object__count__C                       
000045a0  ti_sysbios_heaps_HeapMem_primaryHeapBaseAddr__C                 
000045a4  ti_sysbios_heaps_HeapMem_primaryHeapEndAddr__C                  
000045a8  ti_sysbios_heaps_HeapMem_reqAlign__C                            
000045ac  ti_sysbios_knl_Clock_Module_State_clockQ__O                     
000045b0  ti_sysbios_knl_Clock_tickPeriod__C                              
000045b4  ti_sysbios_knl_Mailbox_Instance_State_freeQue__O                
000045b8  ti_sysbios_knl_Mailbox_Object__count__C                         
000045bc  ti_sysbios_knl_Mailbox_maxTypeAlign__C                          
000045c0  ti_sysbios_knl_Semaphore_Instance_State_pendQ__O                
000045c4  ti_sysbios_knl_Swi_Object__count__C                             
000045c8  ti_sysbios_knl_Task_Module_State_inactiveQ__O                   
000045cc  ti_sysbios_knl_Task_Object__count__C                            
000045d0  ti_sysbios_knl_Task_Object__heap__C                             
000045d4  ti_sysbios_knl_Task_allBlockedFunc__C                           
000045d8  ti_sysbios_knl_Task_defaultStackHeap__C                         
000045dc  ti_sysbios_knl_Task_defaultStackSize__C                         
000045e0  ti_sysbios_knl_Task_numConstructedTasks__C                      
000045e4  xdc_runtime_Error_E_memory__C                                   
000045e8  xdc_runtime_Error_policyFxn__C                                  
000045ec  xdc_runtime_IGateProvider_Interface__BASE__C                    
000045f0  xdc_runtime_IHeap_Interface__BASE__C                            
000045f4  xdc_runtime_IModule_Interface__BASE__C                          
000045f8  xdc_runtime_Memory_defaultHeapInstance__C                       
000045fc  xdc_runtime_Startup_execImpl__C                                 
00004600  xdc_runtime_Startup_maxPasses__C                                
00004604  xdc_runtime_Startup_sfxnRts__C                                  
00004608  xdc_runtime_Startup_sfxnTab__C                                  
0000460c  xdc_runtime_SysCallback_abortFxn__C                             
00004610  xdc_runtime_SysCallback_exitFxn__C                              
00004614  xdc_runtime_System_Module__gateObj__C                           
00004618  xdc_runtime_System_abortFxn__C                                  
0000461c  xdc_runtime_System_exitFxn__C                                   
00004620  xdc_runtime_System_maxAtexitHandlers__C                         
00004624  ti_sysbios_family_arm_msp432_init_Boot_bypassHFXT__C            
00004626  ti_sysbios_family_arm_msp432_init_Boot_bypassLFXT__C            
00004628  ti_sysbios_family_arm_msp432_init_Boot_enableHFXT__C            
0000462a  ti_sysbios_family_arm_msp432_init_Boot_enableLFXT__C            
0000462c  ti_sysbios_heaps_HeapMem_Module__id__C                          
0000462e  xdc_runtime_Memory_Module__id__C                                
00004630  xdc_runtime_Error_policy__C                                     
00004638  __TI_static_base__                                              
0000483c  __TI_Handler_Table_Base                                         
00004848  __TI_Handler_Table_Limit                                        
00004850  __TI_CINIT_Base                                                 
00004860  __TI_CINIT_Limit                                                
00008000  HEAPSIZE                                                        
20000000  __start___llvm_prf_cnts                                         
20000000  __stop___llvm_prf_cnts                                          
20000000  ti_sysbios_family_arm_m3_Hwi_ramVectors                         
20000140  __primary_heap_start__                                          
20008140  PowerMSP432_perfLevels                                          
20008140  __primary_heap_end__                                            
20008308  ti_sysbios_knl_Swi_Module_State_0_readyQ__A                     
20008388  ti_sysbios_knl_Task_Module_State_0_readyQ__A                    
20008408  ti_sysbios_gates_GateMutex_Object__table__V                     
2000845c  ti_sysbios_knl_Task_Object__table__V                            
200084a8  ti_sysbios_family_arm_msp432_Timer_Object__table__V             
200084ec  ti_sysbios_knl_Task_Module__state__V                            
20008530  ti_sysbios_family_arm_m3_Hwi_Module__state__V                   
20008564  ti_sysbios_knl_Swi_Object__table__V                             
20008594  PowerMSP432_module                                              
200085c0  ti_sysbios_knl_Clock_Module__state__V                           
200085ec  ti_sysbios_BIOS_Module__state__V                                
20008610  ti_sysbios_family_arm_msp432_Timer_Module_State_0_device__A     
20008630  xdc_runtime_Error_IgnoreBlock                                   
20008650  ti_sysbios_knl_Swi_Module__state__V                             
2000866c  ti_sysbios_family_arm_m3_Hwi_Object__table__V                   
20008684  ti_sysbios_heaps_HeapMem_Object__table__V                       
2000869c  ti_sysbios_family_arm_msp432_Timer_Module_State_0_handles__A    
200086ac  ti_sysbios_family_arm_msp432_ClockFreqs_Module__state__V        
200086b8  ti_sysbios_family_arm_msp432_Timer_Module__state__V             
200086c4  _lock                                                           
200086c8  _unlock                                                         
200086cc  ti_sysbios_family_arm_m3_Hwi_Module__root__V                    
200086d4  ti_sysbios_gates_GateHwi_Module__root__V                        
200086dc  ti_sysbios_gates_GateMutex_Module__root__V                      
200086e4  ti_sysbios_heaps_HeapMem_Module__root__V                        
200086ec  ti_sysbios_knl_Queue_Module__root__V                            
200086f4  ti_sysbios_knl_Semaphore_Module__root__V                        
200086fc  ti_sysbios_knl_Task_Module__root__V                             
20008704  xdc_runtime_Startup_Module__state__V                            
2000870c  xdc_runtime_System_Module_State_0_atexitHandlers__A             
20008714  xdc_runtime_System_Module__state__V                             
2000871c  main_func_sp                                                    
20008720  ti_sysbios_family_arm_m3_Hwi_Module_State_0_excContext__A       
20008724  ti_sysbios_family_arm_m3_Hwi_Module_State_0_excStack__A         
20008728  ti_sysbios_gates_GateHwi_Object__table__V                       
2000872c  ti_sysbios_knl_Task_Module_State_0_idleTask__A                  
20008730  ti_sysbios_rts_ti_ReentSupport_Module__state__V                 
20008734  xdc_runtime_Memory_Module__state__V                             
20008738  ti_sysbios_family_arm_m3_Hwi_Module_State_0_excActive__A        
20008740  ti_sysbios_knl_Task_Instance_State_0_stack__A                   
20008940  ti_sysbios_family_arm_m3_Hwi_dispatchTable                      
20008a88  ti_sysbios_knl_Task_Instance_State_0_hookEnv__A                 
2000fc00  __stack                                                         
20010000  __STACK_END                                                     
4000480c  WDTCTL_SYM                                                      
e000e000  ti_sysbios_family_arm_m3_Hwi_nvic                               
ffffffff  __TI_pprof_out_hndl                                             
ffffffff  __TI_prof_data_size                                             
ffffffff  __TI_prof_data_start                                            
ffffffff  __binit__                                                       
ffffffff  __c_args__                                                      
ffffffff  binit                                                           
UNDEFED   SHT$$INIT_ARRAY$$Base                                           
UNDEFED   SHT$$INIT_ARRAY$$Limit                                          

[453 symbols]
