******************************************************************************
                  TI ARM Linker PC v20.2.7                     
******************************************************************************
>> Linked Tue Apr 23 14:52:39 2024

OUTPUT FILE NAME:   <empty_MSP_EXP432P401R_tirtos_ccs.out>
ENTRY POINT SYMBOL: "_c_int00"  address: 000029a9


MEMORY CONFIGURATION

         name            origin    length      used     unused   attr    fill
----------------------  --------  ---------  --------  --------  ----  --------
  MAIN                  00000000   00040000  0000484f  0003b7b1  R  X
  INFO                  00200000   00004000  00000000  00004000  R  X
  SRAM_CODE             01000000   00010000  00008e86  0000717a  RW X
  SRAM_DATA             20000000   00010000  00008e86  0000717a  RW  


SEGMENT ALLOCATION MAP

run origin  load origin   length   init length attrs members
----------  ----------- ---------- ----------- ----- -------
00000000    00000000    00004858   00004858    r-x
  00000000    00000000    0000003c   0000003c    r-- .resetVecs
  00000040    00000040    000041d2   000041d2    r-x .text
  00004214    00004214    00000411   00000411    r-- .const
  00004628    00004628    00000230   00000230    r-- .cinit
20000140    20000140    00008000   00000000    r--
  20000140    20000140    00008000   00000000    r-- .priheap
20008140    20008140    0000094c   00000000    rw-
  20008140    20008140    000005fa   00000000    rw- .data
  20008740    20008740    0000034c   00000000    rw- .bss
2000fc00    2000fc00    00000400   00000000    rw-
  2000fc00    2000fc00    00000400   00000000    rw- .stack


SECTION ALLOCATION MAP

 output                                  attributes/
section   page    origin      length       input sections
--------  ----  ----------  ----------   ----------------
.text      0    00000040    000041d2     
                  00000040    000002f8     drivers_msp432p401x.aem4f : PowerMSP432.oem4f (.text:Power_sleep)
                  00000338    0000028a     msp432p4xx_driverlib.lib : pcm.o (.text:__PCM_setPowerStateAdvanced)
                  000005c2    00000002     ti_drivers_config.obj (.text:Board_initHook)
                  000005c4    00000288     drivers_msp432p401x.aem4f : PowerMSP432.oem4f (.text:initPerfControl)
                  0000084c    0000015c     msp432p4xx_driverlib.lib : pcm.o (.text:__PCM_setPowerModeAdvanced)
                  000009a8    00000134     thread.obj (.text:mainThread)
                  00000adc    00000004     msp432p4xx_driverlib.lib : cpu.o (.text:CPU_wfi)
                  00000ae0    00000130     sysbios.aem4f : BIOS.obj (.text:ti_sysbios_knl_Semaphore_pend__E)
                  00000c10    00000108     msp432p4xx_driverlib.lib : pcm.o (.text:__PCM_setCoreVoltageLevelAdvanced)
                  00000d18    00000108     sysbios.aem4f : BIOS.obj (.text:ti_sysbios_knl_Task_postInit__I)
                  00000e20    00000108                   : BIOS.obj (.text:xdc_runtime_Startup_startMods__I)
                  00000f28    00000104                   : BIOS.obj (.text:ti_sysbios_knl_Task_Instance_finalize__E)
                  0000102c    00000004     release_pem4f.oem4f (.text:ti_sysbios_BIOS_RtsGateProxy_enter__E)
                  00001030    000000f8     sysbios.aem4f : BIOS.obj (.text:ti_sysbios_family_arm_msp432_init_Boot_configureClocksHigh)
                  00001128    000000f0                   : BIOS.obj (.text:pthread_create)
                  00001218    000000f0                   : m3_Hwi_asm.obj (.text:ti_sysbios_family_arm_m3_Hwi_dispatch__I)
                  00001308    000000e4     msp432p4xx_driverlib.lib : cs.o (.text:CS_startHFXTWithTimeout)
                  000013ec    000000e0                              : cs.o (.text:CS_startLFXTWithTimeout)
                  000014cc    00000004     release_pem4f.oem4f (.text:ti_sysbios_BIOS_RtsGateProxy_leave__E)
                  000014d0    000000e0     sysbios.aem4f : BIOS.obj (.text:ti_sysbios_knl_Task_Instance_init__E)
                  000015b0    000000dc     msp432p4xx_driverlib.lib : cs.o (.text:_CSGetHFXTFrequency)
                  0000168c    00000004     release_pem4f.oem4f (.text:ti_sysbios_family_arm_m3_TaskSupport_Module__startupDone__S)
                  00001690    000000d0     sysbios.aem4f : BIOS.obj (.text:ti_sysbios_heaps_HeapMem_alloc__E)
                  00001760    000000c4                   : BIOS.obj (.text:ti_sysbios_knl_Task_sleep__E)
                  00001824    00000004     release_pem4f.oem4f (.text:ti_sysbios_heaps_HeapMem_Module_GateProxy_enter__E)
                  00001828    000000b8     sysbios.aem4f : BIOS.obj (.text:ti_sysbios_family_arm_m3_Hwi_Instance_init__E)
                  000018e0    000000aa                   : BIOS.obj (.text:xdc_runtime_Core_createObject__I)
                  0000198a    00000004     release_pem4f.oem4f (.text:ti_sysbios_heaps_HeapMem_Module_GateProxy_leave__E)
                  0000198e    00000002     dpl_msp432p401x.aem4f : PowerMSP432_tirtos.oem4f (.text:PowerMSP432_initPolicy)
                  00001990    000000a8     sysbios.aem4f : BIOS.obj (.text:ti_sysbios_family_arm_msp432_Timer_periodicStub__E)
                  00001a38    000000a4                   : BIOS.obj (.text:ti_sysbios_knl_Task_setPri__E)
                  00001adc    000000a0     auto_init.aem4f : auto_init.oem4f (.text)
                  00001b7c    0000009c     drivers_msp432p401x.aem4f : PowerMSP432.oem4f (.text:Power_init)
                  00001c18    0000009c     rtsv7M4_T_le_v4SPD16_eabi.lib : memcpy_t2.asm.obj (.text)
                  00001cb4    00000004     release_pem4f.oem4f (.text:ti_sysbios_knl_Clock_TimerProxy_getMaxTicks__E)
                  00001cb8    00000094     sysbios.aem4f : BIOS.obj (.text:_pthread_removeThreadKeys)
                  00001d4c    00000004     release_pem4f.oem4f (.text:ti_sysbios_knl_Task_delete)
                  00001d50    00000094     sysbios.aem4f : BIOS.obj (.text:ti_sysbios_family_arm_m3_Hwi_initNVIC__E)
                  00001de4    00000004     release_pem4f.oem4f (.text:xdc_runtime_System_Module_GateProxy_enter__E)
                  00001de8    00000094     sysbios.aem4f : BIOS.obj (.text:ti_sysbios_knl_Task_exit__E)
                  00001e7c    00000004     release_pem4f.oem4f (.text:xdc_runtime_System_Module_GateProxy_leave__E)
                  00001e80    00000090     sysbios.aem4f : BIOS.obj (.text:ti_sysbios_knl_Task_Module_startup__E)
                  00001f10    0000008c                   : m3_TaskSupport_asm.obj (.text:ti_sysbios_family_arm_m3_TaskSupport_buildTaskStack)
                  00001f9c    00000002     rtsv7M4_T_le_v4SPD16_eabi.lib : _lock.c.obj (.text:_nop)
                  00001f9e    00000002     release_pem4f.oem4f (.text:ti_sysbios_BIOS_nullFunc__I)
                  00001fa0    0000008c     sysbios.aem4f : BIOS.obj (.text:xdc_runtime_Memory_alloc__E)
                  0000202c    00000004     --HOLE-- [fill = 0]
                  00002030    00000086                   : BIOS.obj (.text:xdc_runtime_Core_constructObject__I)
                  000020b6    00000002     --HOLE-- [fill = 0]
                  000020b8    00000084     msp432p4xx_driverlib.lib : pcm.o (.text:PCM_gotoLPM3)
                  0000213c    00000084     drivers_msp432p401x.aem4f : PowerMSP432.oem4f (.text:restartHFXT)
                  000021c0    00000084     sysbios.aem4f : BIOS.obj (.text:ti_sysbios_family_arm_m3_Hwi_postInit__I)
                  00002244    00000004     --HOLE-- [fill = 0]
                  00002248    00000084                   : BIOS.obj (.text:ti_sysbios_heaps_HeapMem_free__E)
                  000022cc    00000004     --HOLE-- [fill = 0]
                  000022d0    00000080                   : BIOS.obj (.text:ti_sysbios_knl_Clock_workFunc__E)
                  00002350    0000007a     rtsv7M4_T_le_v4SPD16_eabi.lib : memset_t2.asm.obj (.text)
                  000023ca    00000006     --HOLE-- [fill = 0]
                  000023d0    00000070     sysbios.aem4f : BIOS.obj (.text:ti_sysbios_heaps_HeapMem_initPrimary__I)
                  00002440    0000006c                   : BIOS.obj (.text:ti_sysbios_knl_Swi_restoreHwi__E)
                  000024ac    00000068     rtsv7M4_T_le_v4SPD16_eabi.lib : copy_decompress_lzss.c.obj (.text:decompress:lzss:__TI_decompress_lzss)
                  00002514    00000004     --HOLE-- [fill = 0]
                  00002518    00000066     sysbios.aem4f : BIOS.obj (.text:xdc_runtime_Core_deleteObject__I)
                  0000257e    00000002     --HOLE-- [fill = 0]
                  00002580    00000064     main_tirtos.obj (.text:main)
                  000025e4    00000004     --HOLE-- [fill = 0]
                  000025e8    00000064     sysbios.aem4f : BIOS.obj (.text:pthread_exit)
                  0000264c    00000004     --HOLE-- [fill = 0]
                  00002650    00000064                   : BIOS.obj (.text:ti_sysbios_family_arm_m3_Hwi_dispatchC__I)
                  000026b4    00000004     --HOLE-- [fill = 0]
                  000026b8    00000060                   : BIOS.obj (.text:ti_sysbios_knl_Semaphore_post__E)
                  00002718    00000060                   : BIOS.obj (.text:ti_sysbios_knl_Swi_run__I)
                  00002778    0000005e     msp432p4xx_driverlib.lib : pcm.o (.text:PCM_getCoreVoltageLevel)
                  000027d6    00000002     --HOLE-- [fill = 0]
                  000027d8    0000005c     sysbios.aem4f : BIOS.obj (.text:ti_sysbios_knl_Swi_schedule__I)
                  00002834    00000004     --HOLE-- [fill = 0]
                  00002838    0000005c                   : BIOS.obj (.text:ti_sysbios_knl_Task_startCore__E)
                  00002894    00000004     --HOLE-- [fill = 0]
                  00002898    0000005c                   : BIOS.obj (.text:xdc_runtime_Startup_exec__E)
                  000028f4    0000005a     msp432p4xx_driverlib.lib : pcm.o (.text:PCM_getPowerMode)
                  0000294e    00000002     --HOLE-- [fill = 0]
                  00002950    00000058     GPIO_MSP432.obj (.text:GPIO_setPinEntradaconPullUp)
                  000029a8    00000058     boot.aem4f : boot.oem4f (.text)
                  00002a00    00000058     sysbios.aem4f : m3_Hwi_asm_switch.obj (.text:ti_sysbios_family_arm_m3_Hwi_initStacks__E)
                  00002a58    00000054     msp432p4xx_driverlib.lib : pcm.o (.text:PCM_shutdownDevice)
                  00002aac    00000054     release_pem4f.oem4f (.text:ti_sysbios_family_arm_m3_Hwi_create)
                  00002b00    00000054     sysbios.aem4f : BIOS.obj (.text:ti_sysbios_family_arm_msp432_Timer_initDevice__I)
                  00002b54    00000004     --HOLE-- [fill = 0]
                  00002b58    00000050                   : BIOS.obj (.text:ti_sysbios_family_arm_m3_Hwi_Module_startup__E)
                  00002ba8    00000050     release_pem4f.oem4f (.text:ti_sysbios_knl_Task_create)
                  00002bf8    0000004c     dpl_msp432p401x.aem4f : PowerMSP432_tirtos.oem4f (.text:PowerMSP432_sleepPolicy)
                  00002c44    0000004c     rtsv7M4_T_le_v4SPD16_eabi.lib : cpy_tbl.c.obj (.text:copy_in)
                  00002c90    0000004c     sysbios.aem4f : BIOS.obj (.text:ti_sysbios_family_arm_msp432_Timer_postInit__I)
                  00002cdc    00000004     --HOLE-- [fill = 0]
                  00002ce0    0000004c                   : BIOS.obj (.text:ti_sysbios_family_arm_msp432_Timer_start__E)
                  00002d2c    00000004     --HOLE-- [fill = 0]
                  00002d30    0000004c                   : BIOS.obj (.text:ti_sysbios_heaps_HeapMem_getStats__E)
                  00002d7c    00000004     --HOLE-- [fill = 0]
                  00002d80    0000004c                   : BIOS.obj (.text:ti_sysbios_knl_Swi_runLoop__I)
                  00002dcc    00000004     --HOLE-- [fill = 0]
                  00002dd0    0000004c                   : BIOS.obj (.text:ti_sysbios_knl_Task_allBlockedFunction__I)
                  00002e1c    00000004     --HOLE-- [fill = 0]
                  00002e20    0000004c                   : BIOS.obj (.text:ti_sysbios_knl_Task_schedule__I)
                  00002e6c    00000004     --HOLE-- [fill = 0]
                  00002e70    00000048                   : BIOS.obj (.text:ti_sysbios_family_arm_m3_Hwi_disableInterrupt__E)
                  00002eb8    00000048                   : BIOS.obj (.text:ti_sysbios_family_arm_m3_Hwi_enableInterrupt__E)
                  00002f00    00000048                   : BIOS.obj (.text:ti_sysbios_knl_Mailbox_Module_startup__E)
                  00002f48    00000048                   : BIOS.obj (.text:xdc_runtime_Core_assignParams__I)
                  00002f90    00000044                   : BIOS.obj (.text:ti_sysbios_family_arm_m3_Hwi_getStackInfo__E)
                  00002fd4    00000004     --HOLE-- [fill = 0]
                  00002fd8    00000044                   : BIOS.obj (.text:ti_sysbios_knl_Swi_post__E)
                  0000301c    00000040     GPIO_MSP432.obj (.text:GPIO_setPinSalida)
                  0000305c    00000040     dpl_msp432p401x.aem4f : HwiP_tirtos.oem4f (.text:HwiP_create)
                  0000309c    00000004     --HOLE-- [fill = 0]
                  000030a0    00000040     sysbios.aem4f : BIOS.obj (.text:ti_sysbios_family_arm_msp432_Timer_Module_startup__E)
                  000030e0    00000040                   : BIOS.obj (.text:ti_sysbios_family_arm_msp432_Timer_startup__E)
                  00003120    00000040                   : BIOS.obj (.text:ti_sysbios_heaps_HeapMem_Instance_init__E)
                  00003160    0000003c                   : BIOS.obj (.text:ti_sysbios_family_arm_m3_Hwi_Instance_finalize__E)
                  0000319c    00000004     --HOLE-- [fill = 0]
                  000031a0    0000003c                   : BIOS.obj (.text:ti_sysbios_family_arm_msp432_Seconds_Module_startup__E)
                  000031dc    00000004     --HOLE-- [fill = 0]
                  000031e0    0000003c                   : BIOS.obj (.text:ti_sysbios_knl_Swi_restore__E)
                  0000321c    00000004     --HOLE-- [fill = 0]
                  00003220    0000003c                   : BIOS.obj (.text:usleep)
                  0000325c    00000038     drivers_msp432p401x.aem4f : PowerMSP432.oem4f (.text:notify)
                  00003294    00000004     --HOLE-- [fill = 0]
                  00003298    00000038     sysbios.aem4f : BIOS.obj (.text:xdc_runtime_System_atexit__E)
                  000032d0    00000032                   : BIOS.obj (.text:ti_sysbios_hal_Hwi_initStack)
                  00003302    00000002     --HOLE-- [fill = 0]
                  00003304    00000030     release_pem4f.oem4f (.text:ti_sysbios_BIOS_atExitFunc__I)
                  00003334    00000030     release_pem4f.oem4f (.text:ti_sysbios_BIOS_startFunc__I)
                  00003364    00000004     --HOLE-- [fill = 0]
                  00003368    00000030     sysbios.aem4f : BIOS.obj (.text:ti_sysbios_family_arm_m3_TaskSupport_start__E)
                  00003398    00000030     release_pem4f.oem4f (.text:ti_sysbios_gates_GateHwi_Object__create__S)
                  000033c8    00000030     release_pem4f.oem4f (.text:ti_sysbios_gates_GateMutex_Object__create__S)
                  000033f8    00000030     sysbios.aem4f : BIOS.obj (.text:ti_sysbios_gates_GateMutex_enter__E)
                  00003428    00000030     release_pem4f.oem4f (.text:ti_sysbios_heaps_HeapMem_Object__create__S)
                  00003458    00000030     sysbios.aem4f : BIOS.obj (.text:ti_sysbios_knl_Mailbox_postInit__I)
                  00003488    00000030     release_pem4f.oem4f (.text:ti_sysbios_knl_Semaphore_construct)
                  000034b8    00000030     sysbios.aem4f : BIOS.obj (.text:ti_sysbios_knl_Semaphore_pendTimeout__I)
                  000034e8    00000030                   : BIOS.obj (.text:ti_sysbios_knl_Task_processVitalTaskFlag__I)
                  00003518    00000030                   : BIOS.obj (.text:ti_sysbios_knl_Task_restore__E)
                  00003548    00000030                   : BIOS.obj (.text:ti_sysbios_knl_Task_unblockI__E)
                  00003578    00000030                   : BIOS.obj (.text:xdc_runtime_System_processAtExit__E)
                  000035a8    0000002e                   : BIOS.obj (.text:pthread_setcancelstate)
                  000035d6    0000002c     dpl_msp432p401x.aem4f : PowerMSP432_tirtos.oem4f (.text:PowerMSP432_updateFreqs)
                  00003602    00000002     --HOLE-- [fill = 0]
                  00003604    0000002c     msp432p4xx_driverlib.lib : rtc_c.o (.text:RTC_C_holdClock)
                  00003630    0000002c     sysbios.aem4f : BIOS.obj (.text:_pthread_cleanupFxn)
                  0000365c    00000004     --HOLE-- [fill = 0]
                  00003660    0000002c                   : BIOS.obj (.text:_pthread_delete$43)
                  0000368c    0000002c     release_pem4f.oem4f (.text:ti_sysbios_gates_GateHwi_Handle__label__S)
                  000036b8    0000002c     release_pem4f.oem4f (.text:ti_sysbios_gates_GateMutex_Handle__label__S)
                  000036e4    0000002c     release_pem4f.oem4f (.text:ti_sysbios_heaps_HeapMem_Handle__label__S)
                  00003710    0000002c     release_pem4f.oem4f (.text:ti_sysbios_knl_Clock_doTick__I)
                  0000373c    0000002c     release_pem4f.oem4f (.text:ti_sysbios_knl_Queue_construct)
                  00003768    00000028     GPIO_MSP432.obj (.text:GPIO_setPinAlto)
                  00003790    00000028     GPIO_MSP432.obj (.text:GPIO_setPinBajo)
                  000037b8    00000028     msp432p4xx_driverlib.lib : pcm.o (.text:PCM_gotoLPM0)
                  000037e0    00000028     drivers_msp432p401x.aem4f : PowerMSP432.oem4f (.text:disableFaultCounter)
                  00003808    00000028                               : PowerMSP432.oem4f (.text:disableHFXT)
                  00003830    00000028     sysbios.aem4f : m3_Hwi_asm.obj (.text:ti_sysbios_family_arm_m3_Hwi_excHandlerAsm__I)
                  00003858    00000028                   : BIOS.obj (.text:ti_sysbios_knl_Clock_addI__E)
                  00003880    00000028                   : BIOS.obj (.text:ti_sysbios_knl_Swi_Module_startup__E)
                  000038a8    00000026                   : m3_Hwi_asm.obj (.text:ti_sysbios_family_arm_m3_Hwi_pendSV__I)
                  000038ce    00000002     --HOLE-- [fill = 0]
                  000038d0    00000024     GPIO_MSP432.obj (.text:Gpio_Pin_in)
                  000038f4    00000024     msp432p4xx_driverlib.lib : wdt_a.o (.text:WDT_A_holdTimer)
                  00003918    00000024     sysbios.aem4f : BIOS.obj (.text:pthread_attr_init)
                  0000393c    00000024     release_pem4f.oem4f (.text:ti_sysbios_BIOS_registerRTSLock__I)
                  00003960    00000024     release_pem4f.oem4f (.text:ti_sysbios_BIOS_removeRTSLock__I)
                  00003984    00000004     --HOLE-- [fill = 0]
                  00003988    00000024     sysbios.aem4f : BIOS.obj (.text:ti_sysbios_family_arm_msp432_ClockFreqs_setFrequency__E)
                  000039ac    00000024     release_pem4f.oem4f (.text:ti_sysbios_gates_GateMutex_Object__delete__S)
                  000039d0    00000024     sysbios.aem4f : BIOS.obj (.text:ti_sysbios_knl_Clock_Module_startup__E)
                  000039f4    00000004     --HOLE-- [fill = 0]
                  000039f8    00000024                   : BIOS.obj (.text:ti_sysbios_knl_Semaphore_Instance_init__E)
                  00003a1c    00000004     --HOLE-- [fill = 0]
                  00003a20    00000024                   : BIOS.obj (.text:ti_sysbios_knl_Task_restoreHwi__E)
                  00003a44    00000004     --HOLE-- [fill = 0]
                  00003a48    00000024                   : BIOS.obj (.text:xdc_runtime_Error_policyMin__E)
                  00003a6c    00000020     msp432p4xx_driverlib.lib : cs.o (.text:CS_setExternalClockSourceFrequency)
                  00003a8c    00000020     release_pem4f.oem4f (.text:ti_sysbios_BIOS_rtsLock__I)
                  00003aac    00000020     release_pem4f.oem4f (.text:ti_sysbios_gates_GateHwi_Object__delete__S)
                  00003acc    00000020     release_pem4f.oem4f (.text:ti_sysbios_heaps_HeapMem_Object__delete__S)
                  00003aec    00000004     --HOLE-- [fill = 0]
                  00003af0    00000020     sysbios.aem4f : BIOS.obj (.text:ti_sysbios_knl_Idle_run__E)
                  00003b10    00000020     release_pem4f.oem4f (.text:ti_sysbios_knl_Semaphore_destruct)
                  00003b30    00000020     release_pem4f.oem4f (.text:ti_sysbios_knl_Task_Object__delete__S)
                  00003b50    0000001e     sysbios.aem4f : m3_Hwi_asm_switch.obj (.text:ti_sysbios_family_xxx_Hwi_switchAndRunFunc)
                  00003b6e    0000001c     rtsv7M4_T_le_v4SPD16_eabi.lib : copy_zero_init.c.obj (.text:decompress:ZI:__TI_zero_init_nomemset:__TI_zero_init_nomemset)
                  00003b8a    00000006     --HOLE-- [fill = 0]
                  00003b90    0000001c     sysbios.aem4f : BIOS.obj (.text:ti_sysbios_family_arm_m3_Hwi_excHandler__I)
                  00003bac    00000004     --HOLE-- [fill = 0]
                  00003bb0    0000001c                   : BIOS.obj (.text:ti_sysbios_gates_GateMutex_Instance_init__E)
                  00003bcc    0000001c     release_pem4f.oem4f (.text:ti_sysbios_knl_Queue_destruct)
                  00003be8    0000001c     sysbios.aem4f : BIOS.obj (.text:ti_sysbios_knl_Queue_put__E)
                  00003c04    00000004     --HOLE-- [fill = 0]
                  00003c08    0000001c                   : BIOS.obj (.text:ti_sysbios_knl_Task_enter__I)
                  00003c24    00000004     --HOLE-- [fill = 0]
                  00003c28    0000001c                   : BIOS.obj (.text:ti_sysbios_rts_ti_ReentSupport_getReent__F)
                  00003c44    00000004     --HOLE-- [fill = 0]
                  00003c48    0000001c                   : BIOS.obj (.text:xdc_runtime_Memory_valloc__E)
                  00003c64    00000004     --HOLE-- [fill = 0]
                  00003c68    0000001c                   : BIOS.obj (.text:xdc_runtime_System_abort__E)
                  00003c84    00000018     release_pem4f.oem4f (.text:.bootCodeSection:ti_sysbios_family_arm_msp432_init_Boot_init__I)
                  00003c9c    00000018     msp432p4xx_driverlib.lib : sysctl_a.o (.text:SysCtl_A_disableNMISource)
                  00003cb4    00000018                              : sysctl_a.o (.text:SysCtl_A_enableNMISource)
                  00003ccc    00000018     rtsv7M4_T_le_v4SPD16_eabi.lib : args_main.c.obj (.text:_args_main)
                  00003ce4    00000018     release_pem4f.oem4f (.text:ti_sysbios_BIOS_rtsUnlock__I)
                  00003cfc    00000018     release_pem4f.oem4f (.text:ti_sysbios_family_arm_m3_Hwi_Module__startupDone__F)
                  00003d14    00000018     sysbios.aem4f : m3_TaskSupport_asm.obj (.text:ti_sysbios_family_arm_m3_TaskSupport_swap__E)
                  00003d2c    00000018     release_pem4f.oem4f (.text:ti_sysbios_family_arm_msp432_Timer_Module__startupDone__F)
                  00003d44    00000004     --HOLE-- [fill = 0]
                  00003d48    00000018     sysbios.aem4f : BIOS.obj (.text:ti_sysbios_gates_GateMutex_leave__E)
                  00003d60    00000018                   : BIOS.obj (.text:ti_sysbios_knl_Task_sleepTimeout__I)
                  00003d78    00000018     release_pem4f.oem4f (.text:ti_sysbios_rts_ti_ReentSupport_getTlsAddr__I)
                  00003d90    00000018     sysbios.aem4f : BIOS.obj (.text:xdc_runtime_Error_init__E)
                  00003da8    00000018                   : BIOS.obj (.text:xdc_runtime_System_exit__E)
                  00003dc0    00000016     release_pem4f.oem4f (.text:ti_sysbios_BIOS_exitFunc__I)
                  00003dd6    00000002     --HOLE-- [fill = 0]
                  00003dd8    00000016     sysbios.aem4f : BIOS.obj (.text:ti_sysbios_knl_Task_unblock__E)
                  00003dee    00000002     --HOLE-- [fill = 0]
                  00003df0    00000014     msp432p4xx_driverlib.lib : pcm.o (.text:PCM_getPowerState)
                  00003e04    00000014     drivers_msp432p401x.aem4f : PowerMSP432.oem4f (.text:Power_idleFunc)
                  00003e18    00000014     sysbios.aem4f : BIOS.obj (.text:pthread_attr_setschedparam)
                  00003e2c    00000014     release_pem4f.oem4f (.text:ti_sysbios_family_arm_m3_Hwi_Object__get__S)
                  00003e40    00000014     sysbios.aem4f : BIOS.obj (.text:ti_sysbios_family_arm_m3_Hwi_switchFromBootStack__E)
                  00003e54    00000014     release_pem4f.oem4f (.text:ti_sysbios_heaps_HeapMem_Object__get__S)
                  00003e68    00000014     release_pem4f.oem4f (.text:ti_sysbios_knl_Swi_Object__get__S)
                  00003e7c    00000004     --HOLE-- [fill = 0]
                  00003e80    00000012     sysbios.aem4f : BIOS.obj (.text:_pthread_cleanup_pop)
                  00003e92    00000006     --HOLE-- [fill = 0]
                  00003e98    00000012                   : BIOS.obj (.text:_pthread_runStub$43)
                  00003eaa    00000006     --HOLE-- [fill = 0]
                  00003eb0    00000012                   : BIOS.obj (.text:ti_sysbios_hal_Hwi_Module_startup__E)
                  00003ec2    00000012     release_pem4f.oem4f (.text:xdc_runtime_Startup_exec__I)
                  00003ed4    00000010     dpl_msp432p401x.aem4f : HwiP_tirtos.oem4f (.text:HwiP_Params_init)
                  00003ee4    00000010     msp432p4xx_driverlib.lib : pcm.o (.text:PCM_gotoLPM4)
                  00003ef4    00000010                              : pcm.o (.text:PCM_setPowerMode)
                  00003f04    00000010                              : pcm.o (.text:PCM_setPowerState)
                  00003f14    00000010                              : sysctl_a.o (.text:SysCtl_A_getNMISourceStatus)
                  00003f24    00000010                              : sysctl.o (.text:SysCtl_getNMISourceStatus)
                  00003f34    00000004     --HOLE-- [fill = 0]
                  00003f38    00000010     sysbios.aem4f : BIOS.obj (.text:ti_sysbios_BIOS_exit__E)
                  00003f48    00000010                   : BIOS.obj (.text:ti_sysbios_BIOS_setCpuFreq__E)
                  00003f58    00000010                   : BIOS.obj (.text:ti_sysbios_BIOS_setThreadType__E)
                  00003f68    00000010                   : BIOS.obj (.text:ti_sysbios_BIOS_start__E)
                  00003f78    00000010                   : m3_TaskSupport_asm.obj (.text:ti_sysbios_family_arm_m3_TaskSupport_glue)
                  00003f88    00000010                   : BIOS.obj (.text:ti_sysbios_family_arm_msp432_init_Boot_disableWatchdog)
                  00003f98    00000010                   : BIOS.obj (.text:ti_sysbios_gates_GateMutex_Instance_finalize__E)
                  00003fa8    00000010     release_pem4f.oem4f (.text:ti_sysbios_knl_Mailbox_Object__get__S)
                  00003fb8    00000010     sysbios.aem4f : BIOS.obj (.text:ti_sysbios_knl_Semaphore_Instance_finalize__E)
                  00003fc8    00000010                   : BIOS.obj (.text:ti_sysbios_knl_Swi_disable__E)
                  00003fd8    00000010     release_pem4f.oem4f (.text:ti_sysbios_knl_Task_Object__get__S)
                  00003fe8    00000010     sysbios.aem4f : BIOS.obj (.text:ti_sysbios_knl_Task_disable__E)
                  00003ff8    00000010                   : BIOS.obj (.text:xdc_runtime_Gate_leaveSystem__E)
                  00004008    00000010                   : BIOS.obj (.text:xdc_runtime_Memory_free__E)
                  00004018    00000010                   : BIOS.obj (.text:xdc_runtime_SysCallback_abort__E)
                  00004028    00000010                   : BIOS.obj (.text:xdc_runtime_SysCallback_exit__E)
                  00004038    0000000e     rtsv7M4_T_le_v4SPD16_eabi.lib : copy_decompress_none.c.obj (.text:decompress:none:__TI_decompress_none)
                  00004046    00000002     --HOLE-- [fill = 0]
                  00004048    0000000e     sysbios.aem4f : BIOS.obj (.text:pthread_attr_setdetachstate)
                  00004056    00000002     --HOLE-- [fill = 0]
                  00004058    0000000e                   : BIOS.obj (.text:ti_sysbios_knl_Idle_loop__E)
                  00004066    00000002     --HOLE-- [fill = 0]
                  00004068    0000000e                   : BIOS.obj (.text:ti_sysbios_knl_Queue_empty__E)
                  00004076    0000000c     ti_drivers_config.obj (.text:Board_init)
                  00004082    0000000c     msp432p4xx_driverlib.lib : cpu.o (.text:CPU_cpsid)
                  0000408e    0000000c                              : cpu.o (.text:CPU_cpsie)
                  0000409a    00000002     --HOLE-- [fill = 0]
                  0000409c    0000000c     drivers_msp432p401x.aem4f : PowerMSP432.oem4f (.text:Power_getConstraintMask)
                  000040a8    0000000c     rtsv7M4_T_le_v4SPD16_eabi.lib : _lock.c.obj (.text:_register_lock)
                  000040b4    0000000c                                   : _lock.c.obj (.text:_register_unlock)
                  000040c0    0000000c     sysbios.aem4f : BIOS.obj (.text:pthread_self)
                  000040cc    0000000c     release_pem4f.oem4f (.text:ti_sysbios_family_arm_m3_Hwi_Params__init__S)
                  000040d8    0000000c     sysbios.aem4f : BIOS.obj (.text:ti_sysbios_family_arm_m3_TaskSupport_getStackAlignment__E)
                  000040e4    00000004     --HOLE-- [fill = 0]
                  000040e8    0000000c                   : BIOS.obj (.text:ti_sysbios_family_arm_msp432_Timer_getMaxTicks__E)
                  000040f4    00000004     --HOLE-- [fill = 0]
                  000040f8    0000000c                   : BIOS.obj (.text:ti_sysbios_gates_GateHwi_enter__E)
                  00004104    0000000c     release_pem4f.oem4f (.text:ti_sysbios_knl_Queue_Object__get__S)
                  00004110    0000000c     release_pem4f.oem4f (.text:ti_sysbios_knl_Semaphore_Params__init__S)
                  0000411c    0000000c     release_pem4f.oem4f (.text:ti_sysbios_knl_Task_Params__init__S)
                  00004128    0000000c     sysbios.aem4f : BIOS.obj (.text:ti_sysbios_knl_Task_self__E)
                  00004134    00000004     --HOLE-- [fill = 0]
                  00004138    0000000c                   : BIOS.obj (.text:ti_sysbios_rts_ti_ReentSupport_taskRegHook__I)
                  00004144    00000004     --HOLE-- [fill = 0]
                  00004148    0000000c                   : BIOS.obj (.text:xdc_runtime_Gate_enterSystem__E)
                  00004154    00000004     --HOLE-- [fill = 0]
                  00004158    0000000c                   : BIOS.obj (.text:xdc_runtime_Startup_rtsDone__E)
                  00004164    0000000a     release_pem4f.oem4f (.text:xdc_runtime_IHeap_alloc)
                  0000416e    0000000a     release_pem4f.oem4f (.text:xdc_runtime_IHeap_free)
                  00004178    00000008     sysbios.aem4f : BIOS.obj (.text:pthread_attr_setstacksize)
                  00004180    00000008                   : BIOS.obj (.text:ti_sysbios_family_arm_m3_Hwi_doSwiRestore__I)
                  00004188    00000008                   : BIOS.obj (.text:ti_sysbios_family_arm_m3_Hwi_startup__E)
                  00004190    00000006                   : BIOS.obj (.text:ti_sysbios_family_arm_m3_Hwi_doTaskRestore__I)
                  00004196    00000002     --HOLE-- [fill = 0]
                  00004198    00000006                   : BIOS.obj (.text:ti_sysbios_gates_GateHwi_leave__E)
                  0000419e    00000002     --HOLE-- [fill = 0]
                  000041a0    00000006                   : BIOS.obj (.text:ti_sysbios_heaps_HeapMem_isBlocking__E)
                  000041a6    00000002     --HOLE-- [fill = 0]
                  000041a8    00000006                   : BIOS.obj (.text:ti_sysbios_knl_Queue_Instance_init__E)
                  000041ae    00000002     --HOLE-- [fill = 0]
                  000041b0    00000006                   : BIOS.obj (.text:ti_sysbios_knl_Swi_startup__E)
                  000041b6    00000002     --HOLE-- [fill = 0]
                  000041b8    00000006                   : BIOS.obj (.text:xdc_runtime_System_Module_startup__E)
                  000041be    00000002     --HOLE-- [fill = 0]
                  000041c0    00000004                   : BIOS.obj (.text:__aeabi_errno_addr)
                  000041c4    00000004     --HOLE-- [fill = 0]
                  000041c8    00000004                   : BIOS.obj (.text:ti_sysbios_gates_GateHwi_query__E)
                  000041cc    00000004     --HOLE-- [fill = 0]
                  000041d0    00000004                   : BIOS.obj (.text:ti_sysbios_gates_GateMutex_query__E)
                  000041d4    00000004     --HOLE-- [fill = 0]
                  000041d8    00000004                   : BIOS.obj (.text:ti_sysbios_knl_Task_startup__E)
                  000041dc    00000004     --HOLE-- [fill = 0]
                  000041e0    00000002                   : BIOS.obj (.text:ti_sysbios_BIOS_linkedWithIncorrectBootLibrary__E)
                  000041e2    00000006     --HOLE-- [fill = 0]
                  000041e8    00000002                   : BIOS.obj (.text:ti_sysbios_gates_GateHwi_Instance_init__E)
                  000041ea    00000006     --HOLE-- [fill = 0]
                  000041f0    00000002                   : BIOS.obj (.text:ti_sysbios_knl_Clock_logTick__E)
                  000041f2    00000006     --HOLE-- [fill = 0]
                  000041f8    00000002                   : BIOS.obj (.text:xdc_runtime_SysCallback_defaultAbort)
                  000041fa    00000006     --HOLE-- [fill = 0]
                  00004200    00000002                   : BIOS.obj (.text:xdc_runtime_SysCallback_defaultExit)
                  00004202    00000006     --HOLE-- [fill = 0]
                  00004208    00000002                   : BIOS.obj (.text:xdc_runtime_System_abortSpin__E)
                  0000420a    00000006     --HOLE-- [fill = 0]
                  00004210    00000002                   : BIOS.obj (.text:xdc_runtime_System_exitSpin__E)

.const     0    00004214    00000411     
                  00004214    0000003c     release_pem4f.oem4f (.const:ti_sysbios_knl_Task_Object__PARAMS__C)
                  00004250    00000038     ti_drivers_config.obj (.const:PowerMSP432_config)
                  00004288    00000030     GPIO_MSP432.obj (.const:GPIO_PORT_TO_BASE)
                  000042b8    00000030     release_pem4f.oem4f (.const:ti_sysbios_family_arm_m3_Hwi_Object__PARAMS__C)
                  000042e8    00000028     release_pem4f.oem4f (.const:ti_sysbios_heaps_HeapMem_Module__FXNS__C)
                  00004310    00000024     release_pem4f.oem4f (.const:ti_sysbios_gates_GateHwi_Module__FXNS__C)
                  00004334    00000024     release_pem4f.oem4f (.const:ti_sysbios_gates_GateMutex_Module__FXNS__C)
                  00004358    00000024     release_pem4f.oem4f (.const:ti_sysbios_heaps_HeapMem_Object__PARAMS__C)
                  0000437c    00000024     release_pem4f.oem4f (.const:ti_sysbios_knl_Semaphore_Object__PARAMS__C)
                  000043a0    00000024     release_pem4f.oem4f (.const:xdc_runtime_Startup_sfxnTab__A)
                  000043c4    00000020     release_pem4f.oem4f (.const:ti_sysbios_family_arm_m3_Hwi_Object__DESC__C)
                  000043e4    00000020     release_pem4f.oem4f (.const:ti_sysbios_gates_GateHwi_Object__DESC__C)
                  00004404    00000020     release_pem4f.oem4f (.const:ti_sysbios_gates_GateMutex_Object__DESC__C)
                  00004424    00000020     release_pem4f.oem4f (.const:ti_sysbios_heaps_HeapMem_Object__DESC__C)
                  00004444    00000020     release_pem4f.oem4f (.const:ti_sysbios_knl_Queue_Object__DESC__C)
                  00004464    00000020     release_pem4f.oem4f (.const:ti_sysbios_knl_Semaphore_Object__DESC__C)
                  00004484    00000020     release_pem4f.oem4f (.const:ti_sysbios_knl_Task_Object__DESC__C)
                  000044a4    00000018     release_pem4f.oem4f (.const:ti_sysbios_gates_GateHwi_Object__PARAMS__C)
                  000044bc    00000018     release_pem4f.oem4f (.const:ti_sysbios_gates_GateMutex_Object__PARAMS__C)
                  000044d4    00000018     release_pem4f.oem4f (.const:ti_sysbios_knl_Queue_Object__PARAMS__C)
                  000044ec    00000018     release_pem4f.oem4f (.const:ti_sysbios_knl_Task_hooks__A)
                  00004504    00000012     release_pem4f.oem4f (.const:xdc_runtime_Startup_sfxnRts__A)
                  00004516    00000002     release_pem4f.oem4f (.const:ti_sysbios_family_arm_m3_Hwi_Module__id__C)
                  00004518    0000000c     release_pem4f.oem4f (.const:xdc_runtime_Startup_firstFxns__A)
                  00004524    00000008     release_pem4f.oem4f (.const:ti_sysbios_knl_Idle_funcList__A)
                  0000452c    00000008     release_pem4f.oem4f (.const:ti_sysbios_knl_Idle_funcList__C)
                  00004534    00000008     release_pem4f.oem4f (.const:ti_sysbios_knl_Task_hooks__C)
                  0000453c    00000008     release_pem4f.oem4f (.const:xdc_runtime_Startup_firstFxns__C)
                  00004544    00000008     release_pem4f.oem4f (.const:xdc_runtime_Startup_lastFxns__C)
                  0000454c    00000004     GPIO_MSP432.obj (.const)
                  00004550    00000004     release_pem4f.oem4f (.const:ti_sysbios_family_arm_m3_Hwi_E_alreadyDefined__C)
                  00004554    00000004     release_pem4f.oem4f (.const:ti_sysbios_family_arm_m3_Hwi_E_badIntNum__C)
                  00004558    00000004     release_pem4f.oem4f (.const:ti_sysbios_family_arm_m3_Hwi_NUM_INTERRUPTS__C)
                  0000455c    00000004     release_pem4f.oem4f (.const:ti_sysbios_family_arm_m3_Hwi_Object__count__C)
                  00004560    00000004     release_pem4f.oem4f (.const:ti_sysbios_family_arm_m3_Hwi_ccr__C)
                  00004564    00000004     release_pem4f.oem4f (.const:ti_sysbios_family_arm_m3_Hwi_excHandlerFunc__C)
                  00004568    00000004     release_pem4f.oem4f (.const:ti_sysbios_family_arm_m3_Hwi_nullIsrFunc__C)
                  0000456c    00000004     release_pem4f.oem4f (.const:ti_sysbios_family_arm_m3_Hwi_priGroup__C)
                  00004570    00000004     release_pem4f.oem4f (.const:ti_sysbios_family_arm_m3_Hwi_swiDisable__C)
                  00004574    00000004     release_pem4f.oem4f (.const:ti_sysbios_family_arm_m3_Hwi_swiRestore__C)
                  00004578    00000004     release_pem4f.oem4f (.const:ti_sysbios_family_arm_m3_TaskSupport_stackAlignment__C)
                  0000457c    00000004     release_pem4f.oem4f (.const:ti_sysbios_family_arm_msp432_Timer_numTimerDevices__C)
                  00004580    00000004     release_pem4f.oem4f (.const:ti_sysbios_family_arm_msp432_Timer_startupNeeded__C)
                  00004584    00000004     release_pem4f.oem4f (.const:ti_sysbios_gates_GateMutex_Instance_State_sem__O)
                  00004588    00000004     release_pem4f.oem4f (.const:ti_sysbios_heaps_HeapMem_E_memory__C)
                  0000458c    00000004     release_pem4f.oem4f (.const:ti_sysbios_heaps_HeapMem_Module__gateObj__C)
                  00004590    00000004     release_pem4f.oem4f (.const:ti_sysbios_heaps_HeapMem_Object__count__C)
                  00004594    00000004     release_pem4f.oem4f (.const:ti_sysbios_heaps_HeapMem_primaryHeapBaseAddr__C)
                  00004598    00000004     release_pem4f.oem4f (.const:ti_sysbios_heaps_HeapMem_primaryHeapEndAddr__C)
                  0000459c    00000004     release_pem4f.oem4f (.const:ti_sysbios_heaps_HeapMem_reqAlign__C)
                  000045a0    00000004     release_pem4f.oem4f (.const:ti_sysbios_knl_Clock_Module_State_clockQ__O)
                  000045a4    00000004     release_pem4f.oem4f (.const:ti_sysbios_knl_Clock_tickPeriod__C)
                  000045a8    00000004     release_pem4f.oem4f (.const:ti_sysbios_knl_Mailbox_Instance_State_freeQue__O)
                  000045ac    00000004     release_pem4f.oem4f (.const:ti_sysbios_knl_Mailbox_Object__count__C)
                  000045b0    00000004     release_pem4f.oem4f (.const:ti_sysbios_knl_Mailbox_maxTypeAlign__C)
                  000045b4    00000004     release_pem4f.oem4f (.const:ti_sysbios_knl_Semaphore_Instance_State_pendQ__O)
                  000045b8    00000004     release_pem4f.oem4f (.const:ti_sysbios_knl_Swi_Object__count__C)
                  000045bc    00000004     release_pem4f.oem4f (.const:ti_sysbios_knl_Task_Module_State_inactiveQ__O)
                  000045c0    00000004     release_pem4f.oem4f (.const:ti_sysbios_knl_Task_Object__count__C)
                  000045c4    00000004     release_pem4f.oem4f (.const:ti_sysbios_knl_Task_Object__heap__C)
                  000045c8    00000004     release_pem4f.oem4f (.const:ti_sysbios_knl_Task_allBlockedFunc__C)
                  000045cc    00000004     release_pem4f.oem4f (.const:ti_sysbios_knl_Task_defaultStackHeap__C)
                  000045d0    00000004     release_pem4f.oem4f (.const:ti_sysbios_knl_Task_defaultStackSize__C)
                  000045d4    00000004     release_pem4f.oem4f (.const:ti_sysbios_knl_Task_numConstructedTasks__C)
                  000045d8    00000004     release_pem4f.oem4f (.const:xdc_runtime_Error_E_memory__C)
                  000045dc    00000004     release_pem4f.oem4f (.const:xdc_runtime_Error_policyFxn__C)
                  000045e0    00000004     release_pem4f.oem4f (.const:xdc_runtime_IGateProvider_Interface__BASE__C)
                  000045e4    00000004     release_pem4f.oem4f (.const:xdc_runtime_IHeap_Interface__BASE__C)
                  000045e8    00000004     release_pem4f.oem4f (.const:xdc_runtime_IModule_Interface__BASE__C)
                  000045ec    00000004     release_pem4f.oem4f (.const:xdc_runtime_Memory_defaultHeapInstance__C)
                  000045f0    00000004     release_pem4f.oem4f (.const:xdc_runtime_Startup_execImpl__C)
                  000045f4    00000004     release_pem4f.oem4f (.const:xdc_runtime_Startup_maxPasses__C)
                  000045f8    00000004     release_pem4f.oem4f (.const:xdc_runtime_Startup_sfxnRts__C)
                  000045fc    00000004     release_pem4f.oem4f (.const:xdc_runtime_Startup_sfxnTab__C)
                  00004600    00000004     release_pem4f.oem4f (.const:xdc_runtime_SysCallback_abortFxn__C)
                  00004604    00000004     release_pem4f.oem4f (.const:xdc_runtime_SysCallback_exitFxn__C)
                  00004608    00000004     release_pem4f.oem4f (.const:xdc_runtime_System_Module__gateObj__C)
                  0000460c    00000004     release_pem4f.oem4f (.const:xdc_runtime_System_abortFxn__C)
                  00004610    00000004     release_pem4f.oem4f (.const:xdc_runtime_System_exitFxn__C)
                  00004614    00000004     release_pem4f.oem4f (.const:xdc_runtime_System_maxAtexitHandlers__C)
                  00004618    00000002     release_pem4f.oem4f (.const:ti_sysbios_family_arm_msp432_init_Boot_bypassHFXT__C)
                  0000461a    00000002     release_pem4f.oem4f (.const:ti_sysbios_family_arm_msp432_init_Boot_bypassLFXT__C)
                  0000461c    00000002     release_pem4f.oem4f (.const:ti_sysbios_family_arm_msp432_init_Boot_enableHFXT__C)
                  0000461e    00000002     release_pem4f.oem4f (.const:ti_sysbios_family_arm_msp432_init_Boot_enableLFXT__C)
                  00004620    00000002     release_pem4f.oem4f (.const:ti_sysbios_heaps_HeapMem_Module__id__C)
                  00004622    00000002     release_pem4f.oem4f (.const:xdc_runtime_Memory_Module__id__C)
                  00004624    00000001     release_pem4f.oem4f (.const:xdc_runtime_Error_policy__C)

.cinit     0    00004628    00000230     
                  00004628    00000205     (.cinit..data.load) [load image, compression = lzss]
                  0000482d    00000003     --HOLE-- [fill = 0]
                  00004830    0000000c     (__TI_handler_table)
                  0000483c    00000004     --HOLE-- [fill = 0]
                  00004840    00000008     (.cinit..bss.load) [load image, compression = zero_init]
                  00004848    00000010     (__TI_cinit_table)

.init_array 
*          0    00000000    00000000     UNINITIALIZED

.data      0    20008140    000005fa     UNINITIALIZED
                  20008140    00000140     drivers_msp432p401x.aem4f : PowerMSP432.oem4f (.data:PowerMSP432_perfLevels)
                  20008280    00000088     sysbios.aem4f : BIOS.obj (.data:$O1$$)
                  20008308    00000080     release_pem4f.oem4f (.data:ti_sysbios_knl_Swi_Module_State_0_readyQ__A)
                  20008388    00000080     release_pem4f.oem4f (.data:ti_sysbios_knl_Task_Module_State_0_readyQ__A)
                  20008408    00000054     release_pem4f.oem4f (.data:ti_sysbios_gates_GateMutex_Object__table__V)
                  2000845c    0000004c     release_pem4f.oem4f (.data:ti_sysbios_knl_Task_Object__table__V)
                  200084a8    00000044     release_pem4f.oem4f (.data:ti_sysbios_family_arm_msp432_Timer_Object__table__V)
                  200084ec    00000044     release_pem4f.oem4f (.data:ti_sysbios_knl_Task_Module__state__V)
                  20008530    00000034     release_pem4f.oem4f (.data:ti_sysbios_family_arm_m3_Hwi_Module__state__V)
                  20008564    00000030     release_pem4f.oem4f (.data:ti_sysbios_knl_Swi_Object__table__V)
                  20008594    0000002c     drivers_msp432p401x.aem4f : PowerMSP432.oem4f (.data:PowerMSP432_module)
                  200085c0    0000002c     release_pem4f.oem4f (.data:ti_sysbios_knl_Clock_Module__state__V)
                  200085ec    00000024     release_pem4f.oem4f (.data:ti_sysbios_BIOS_Module__state__V)
                  20008610    00000020     release_pem4f.oem4f (.data:ti_sysbios_family_arm_msp432_Timer_Module_State_0_device__A)
                  20008630    00000020     release_pem4f.oem4f (.data:xdc_runtime_Error_IgnoreBlock)
                  20008650    0000001c     release_pem4f.oem4f (.data:ti_sysbios_knl_Swi_Module__state__V)
                  2000866c    00000018     release_pem4f.oem4f (.data:ti_sysbios_family_arm_m3_Hwi_Object__table__V)
                  20008684    00000018     release_pem4f.oem4f (.data:ti_sysbios_heaps_HeapMem_Object__table__V)
                  2000869c    00000010     release_pem4f.oem4f (.data:ti_sysbios_family_arm_msp432_Timer_Module_State_0_handles__A)
                  200086ac    0000000c     release_pem4f.oem4f (.data:ti_sysbios_family_arm_msp432_ClockFreqs_Module__state__V)
                  200086b8    0000000c     release_pem4f.oem4f (.data:ti_sysbios_family_arm_msp432_Timer_Module__state__V)
                  200086c4    00000008     rtsv7M4_T_le_v4SPD16_eabi.lib : _lock.c.obj (.data:$O1$$)
                  200086cc    00000008     release_pem4f.oem4f (.data:ti_sysbios_family_arm_m3_Hwi_Module__root__V)
                  200086d4    00000008     release_pem4f.oem4f (.data:ti_sysbios_gates_GateHwi_Module__root__V)
                  200086dc    00000008     release_pem4f.oem4f (.data:ti_sysbios_gates_GateMutex_Module__root__V)
                  200086e4    00000008     release_pem4f.oem4f (.data:ti_sysbios_heaps_HeapMem_Module__root__V)
                  200086ec    00000008     release_pem4f.oem4f (.data:ti_sysbios_knl_Queue_Module__root__V)
                  200086f4    00000008     release_pem4f.oem4f (.data:ti_sysbios_knl_Semaphore_Module__root__V)
                  200086fc    00000008     release_pem4f.oem4f (.data:ti_sysbios_knl_Task_Module__root__V)
                  20008704    00000008     release_pem4f.oem4f (.data:xdc_runtime_Startup_Module__state__V)
                  2000870c    00000008     release_pem4f.oem4f (.data:xdc_runtime_System_Module_State_0_atexitHandlers__A)
                  20008714    00000008     release_pem4f.oem4f (.data:xdc_runtime_System_Module__state__V)
                  2000871c    00000004     rtsv7M4_T_le_v4SPD16_eabi.lib : stkdepth_vars.c.obj (.data)
                  20008720    00000004     release_pem4f.oem4f (.data:ti_sysbios_family_arm_m3_Hwi_Module_State_0_excContext__A)
                  20008724    00000004     release_pem4f.oem4f (.data:ti_sysbios_family_arm_m3_Hwi_Module_State_0_excStack__A)
                  20008728    00000004     release_pem4f.oem4f (.data:ti_sysbios_gates_GateHwi_Object__table__V)
                  2000872c    00000004     release_pem4f.oem4f (.data:ti_sysbios_knl_Task_Module_State_0_idleTask__A)
                  20008730    00000004     release_pem4f.oem4f (.data:ti_sysbios_rts_ti_ReentSupport_Module__state__V)
                  20008734    00000004     release_pem4f.oem4f (.data:xdc_runtime_Memory_Module__state__V)
                  20008738    00000002     release_pem4f.oem4f (.data:ti_sysbios_family_arm_m3_Hwi_Module_State_0_excActive__A)

.bss       0    20008740    0000034c     UNINITIALIZED
                  20008740    00000200     release_pem4f.oem4f (.bss:taskStackSection)
                  20008940    00000140     (.common:ti_sysbios_family_arm_m3_Hwi_dispatchTable)
                  20008a80    00000008     msp432p4xx_driverlib.lib : cs.o (.bss)
                  20008a88    00000004     (.common:ti_sysbios_knl_Task_Instance_State_0_hookEnv__A)

.priheap   0    20000140    00008000     UNINITIALIZED
                  20000140    00008000     --HOLE--

.stack     0    2000fc00    00000400     UNINITIALIZED
                  2000fc00    00000400     --HOLE--

.bootVecs 
*          0    00000000    00000008     DSECT
                  00000000    00000008     boot.aem4f : boot.oem4f (.bootVecs)

.resetVecs 
*          0    00000000    0000003c     
                  00000000    0000003c     release_pem4f.oem4f (.resetVecs)

.vecs      0    20000000    00000140     NOLOAD SECTION
                  20000000    00000140     release_pem4f.oem4f (.vecs)

xdc.meta   0    00000000    00000106     COPY SECTION
                  00000000    00000106     release_pem4f.oem4f (xdc.meta)

xdc.noload 
*          0    00000000    00000000     COPY SECTION

__llvm_prf_cnts 
*          0    20000000    00000000     UNINITIALIZED

.binit     0    00000000    00000000     

MODULE SUMMARY

       Module                       code    ro data   rw data
       ------                       ----    -------   -------
    .\
       thread.obj                   308     0         0      
       main_tirtos.obj              100     0         0      
    +--+----------------------------+-------+---------+---------+
       Total:                       408     0         0      
                                                             
    .\DRIVERS\
       GPIO_MSP432.obj              268     52        0      
    +--+----------------------------+-------+---------+---------+
       Total:                       268     52        0      
                                                             
    .\syscfg\
       ti_drivers_config.obj        14      56        0      
    +--+----------------------------+-------+---------+---------+
       Total:                       14      56        0      
                                                             
    C:\Users\Eric\Desktop\ARQUI\ejemplo2\tirtos_builds_MSP_EXP432P401R_release_ccs\Debug\configPkg\package\cfg\
       release_pem4f.oem4f          1326    993       4348   
    +--+----------------------------+-------+---------+---------+
       Total:                       1326    993       4348   
                                                             
    C:/ti/simplelink_msp432p4_sdk_3_40_01_02/kernel/tirtos/packages/ti/dpl/lib/dpl_msp432p401x.aem4f
       PowerMSP432_tirtos.oem4f     122     0         0      
       HwiP_tirtos.oem4f            80      0         0      
    +--+----------------------------+-------+---------+---------+
       Total:                       202     0         0      
                                                             
    C:/ti/simplelink_msp432p4_sdk_3_40_01_02/source/ti/devices/msp432p4xx/driverlib/ccs/msp432p4xx_driverlib.lib
       pcm.o                        1770    0         0      
       cs.o                         704     0         16     
       sysctl_a.o                   64      0         0      
       rtc_c.o                      44      0         0      
       wdt_a.o                      36      0         0      
       cpu.o                        28      0         0      
       sysctl.o                     16      0         0      
    +--+----------------------------+-------+---------+---------+
       Total:                       2662    0         16     
                                                             
    C:/ti/simplelink_msp432p4_sdk_3_40_01_02/source/ti/drivers/lib/drivers_msp432p401x.aem4f
       PowerMSP432.oem4f            1864    0         728    
    +--+----------------------------+-------+---------+---------+
       Total:                       1864    0         728    
                                                             
    C:\Users\Eric\Desktop\ARQUI\ejemplo2\tirtos_builds_MSP_EXP432P401R_release_ccs\src\sysbios\sysbios.aem4f
       BIOS.obj                     8410    0         272    
       m3_Hwi_asm.obj               318     0         0      
       m3_TaskSupport_asm.obj       180     0         0      
       m3_Hwi_asm_switch.obj        118     0         0      
    +--+----------------------------+-------+---------+---------+
       Total:                       9026    0         272    
                                                             
    C:\ti\ccs1260\ccs\tools\compiler\ti-cgt-arm_20.2.7.LTS\lib\rtsv7M4_T_le_v4SPD16_eabi.lib
       memcpy_t2.asm.obj            156     0         0      
       memset_t2.asm.obj            122     0         0      
       copy_decompress_lzss.c.obj   104     0         0      
       cpy_tbl.c.obj                76      0         0      
       _lock.c.obj                  26      0         16     
       copy_zero_init.c.obj         28      0         0      
       args_main.c.obj              24      0         0      
       copy_decompress_none.c.obj   14      0         0      
       stkdepth_vars.c.obj          0       0         8      
    +--+----------------------------+-------+---------+---------+
       Total:                       550     0         24     
                                                             
    C:\ti\simplelink_msp432p4_sdk_3_40_01_02\kernel\tirtos\packages\ti\targets\arm\rtsarm\lib\auto_init.aem4f
       auto_init.oem4f              160     0         0      
    +--+----------------------------+-------+---------+---------+
       Total:                       160     0         0      
                                                             
    C:\ti\simplelink_msp432p4_sdk_3_40_01_02\kernel\tirtos\packages\ti\targets\arm\rtsarm\lib\boot.aem4f
       boot.oem4f                   88      0         0      
    +--+----------------------------+-------+---------+---------+
       Total:                       88      0         0      
                                                             
       Stack:                       0       0         2048   
       Linker Generated:            0       553       0      
    +--+----------------------------+-------+---------+---------+
       Grand Total:                 16568   1654      7436   


LINKER GENERATED COPY TABLES

__TI_cinit_table @ 00004848 records: 2, size/record: 8, table size: 16
	.data: load addr=00004628, load size=00000205 bytes, run addr=20008140, run size=000005fa bytes, compression=lzss
	.bss: load addr=00004840, load size=00000008 bytes, run addr=20008740, run size=0000034c bytes, compression=zero_init


LINKER GENERATED HANDLER TABLE

__TI_handler_table @ 00004830 records: 3, size/record: 4, table size: 12
	index: 0, handler: __TI_decompress_lzss
	index: 1, handler: __TI_decompress_none
	index: 2, handler: __TI_zero_init


GLOBAL SYMBOLS: SORTED ALPHABETICALLY BY Name 

address   name                                                            
-------   ----                                                            
00004077  Board_init                                                      
000005c3  Board_initHook                                                  
00004083  CPU_cpsid                                                       
0000408f  CPU_cpsie                                                       
00000add  CPU_wfi                                                         
00003a6d  CS_setExternalClockSourceFrequency                              
00001309  CS_startHFXTWithTimeout                                         
000013ed  CS_startLFXTWithTimeout                                         
00003769  GPIO_setPinAlto                                                 
00003791  GPIO_setPinBajo                                                 
00002951  GPIO_setPinEntradaconPullUp                                     
0000301d  GPIO_setPinSalida                                               
000038d1  Gpio_Pin_in                                                     
00008000  HEAPSIZE                                                        
00003ed5  HwiP_Params_init                                                
0000305d  HwiP_create                                                     
00002779  PCM_getCoreVoltageLevel                                         
000028f5  PCM_getPowerMode                                                
00003df1  PCM_getPowerState                                               
000037b9  PCM_gotoLPM0                                                    
000020b9  PCM_gotoLPM3                                                    
00003ee5  PCM_gotoLPM4                                                    
00003ef5  PCM_setPowerMode                                                
00003f05  PCM_setPowerState                                               
00002a59  PCM_shutdownDevice                                              
00004250  PowerMSP432_config                                              
0000198f  PowerMSP432_initPolicy                                          
20008594  PowerMSP432_module                                              
20008140  PowerMSP432_perfLevels                                          
00002bf9  PowerMSP432_sleepPolicy                                         
000035d7  PowerMSP432_updateFreqs                                         
0000409d  Power_getConstraintMask                                         
00003e05  Power_idleFunc                                                  
00001b7d  Power_init                                                      
00000041  Power_sleep                                                     
00003605  RTC_C_holdClock                                                 
UNDEFED   SHT$$INIT_ARRAY$$Base                                           
UNDEFED   SHT$$INIT_ARRAY$$Limit                                          
00003c9d  SysCtl_A_disableNMISource                                       
00003cb5  SysCtl_A_enableNMISource                                        
00003f15  SysCtl_A_getNMISourceStatus                                     
00003f25  SysCtl_getNMISourceStatus                                       
4000480c  WDTCTL_SYM                                                      
000038f5  WDT_A_holdTimer                                                 
00000000  __ASM__                                                         
00000087  __ISA__                                                         
0000009a  __PLAT__                                                        
20010000  __STACK_END                                                     
00000400  __STACK_SIZE                                                    
000000bd  __TARG__                                                        
00004848  __TI_CINIT_Base                                                 
00004858  __TI_CINIT_Limit                                                
00004830  __TI_Handler_Table_Base                                         
0000483c  __TI_Handler_Table_Limit                                        
00001add  __TI_auto_init                                                  
000024ad  __TI_decompress_lzss                                            
00004039  __TI_decompress_none                                            
ffffffff  __TI_pprof_out_hndl                                             
ffffffff  __TI_prof_data_size                                             
ffffffff  __TI_prof_data_start                                            
00004628  __TI_static_base__                                              
00003b6f  __TI_zero_init_nomemset                                         
000000e3  __TRDR__                                                        
000041c1  __aeabi_errno_addr                                              
00002351  __aeabi_memclr                                                  
00002351  __aeabi_memclr4                                                 
00002351  __aeabi_memclr8                                                 
00001c19  __aeabi_memcpy                                                  
00001c19  __aeabi_memcpy4                                                 
00001c19  __aeabi_memcpy8                                                 
00002353  __aeabi_memset                                                  
00002353  __aeabi_memset4                                                 
00002353  __aeabi_memset8                                                 
ffffffff  __binit__                                                       
ffffffff  __c_args__                                                      
20008140  __primary_heap_end__                                            
20000140  __primary_heap_start__                                          
2000fc00  __stack                                                         
20000000  __start___llvm_prf_cnts                                         
20000000  __stop___llvm_prf_cnts                                          
00003ccd  _args_main                                                      
000029a9  _c_int00                                                        
200086c4  _lock                                                           
00001f9d  _nop                                                            
00003631  _pthread_cleanupFxn                                             
00003e81  _pthread_cleanup_pop                                            
00001cb9  _pthread_removeThreadKeys                                       
000040a9  _register_lock                                                  
000040b5  _register_unlock                                                
200086c8  _unlock                                                         
ffffffff  binit                                                           
00002c45  copy_in                                                         
00002581  main                                                            
000009a9  mainThread                                                      
2000871c  main_func_sp                                                    
00001c19  memcpy                                                          
00002359  memset                                                          
0000454c  p1_in                                                           
00003919  pthread_attr_init                                               
00004049  pthread_attr_setdetachstate                                     
00003e19  pthread_attr_setschedparam                                      
00004179  pthread_attr_setstacksize                                       
00001129  pthread_create                                                  
000025e9  pthread_exit                                                    
000040c1  pthread_self                                                    
000035a9  pthread_setcancelstate                                          
200085ec  ti_sysbios_BIOS_Module__state__V                                
000036b9  ti_sysbios_BIOS_RtsGateProxy_Handle__label__S                   
0000102d  ti_sysbios_BIOS_RtsGateProxy_enter__E                           
000014cd  ti_sysbios_BIOS_RtsGateProxy_leave__E                           
000041d1  ti_sysbios_BIOS_RtsGateProxy_query__E                           
00003305  ti_sysbios_BIOS_atExitFunc__I                                   
00003dc1  ti_sysbios_BIOS_exitFunc__I                                     
00003f39  ti_sysbios_BIOS_exit__E                                         
000041e1  ti_sysbios_BIOS_linkedWithIncorrectBootLibrary__E               
00001f9f  ti_sysbios_BIOS_nullFunc__I                                     
0000393d  ti_sysbios_BIOS_registerRTSLock__I                              
00003961  ti_sysbios_BIOS_removeRTSLock__I                                
00003a8d  ti_sysbios_BIOS_rtsLock__I                                      
00003ce5  ti_sysbios_BIOS_rtsUnlock__I                                    
00003f49  ti_sysbios_BIOS_setCpuFreq__E                                   
00003f59  ti_sysbios_BIOS_setThreadType__E                                
00003335  ti_sysbios_BIOS_startFunc__I                                    
00003f69  ti_sysbios_BIOS_start__E                                        
00004550  ti_sysbios_family_arm_m3_Hwi_E_alreadyDefined__C                
00004554  ti_sysbios_family_arm_m3_Hwi_E_badIntNum__C                     
00003161  ti_sysbios_family_arm_m3_Hwi_Instance_finalize__E               
00001829  ti_sysbios_family_arm_m3_Hwi_Instance_init__E                   
20008738  ti_sysbios_family_arm_m3_Hwi_Module_State_0_excActive__A        
20008720  ti_sysbios_family_arm_m3_Hwi_Module_State_0_excContext__A       
20008724  ti_sysbios_family_arm_m3_Hwi_Module_State_0_excStack__A         
00004516  ti_sysbios_family_arm_m3_Hwi_Module__id__C                      
200086cc  ti_sysbios_family_arm_m3_Hwi_Module__root__V                    
00003cfd  ti_sysbios_family_arm_m3_Hwi_Module__startupDone__F             
00003cfd  ti_sysbios_family_arm_m3_Hwi_Module__startupDone__S             
20008530  ti_sysbios_family_arm_m3_Hwi_Module__state__V                   
00002b59  ti_sysbios_family_arm_m3_Hwi_Module_startup__E                  
00004558  ti_sysbios_family_arm_m3_Hwi_NUM_INTERRUPTS__C                  
000043c4  ti_sysbios_family_arm_m3_Hwi_Object__DESC__C                    
000042b8  ti_sysbios_family_arm_m3_Hwi_Object__PARAMS__C                  
0000455c  ti_sysbios_family_arm_m3_Hwi_Object__count__C                   
00003e2d  ti_sysbios_family_arm_m3_Hwi_Object__get__S                     
2000866c  ti_sysbios_family_arm_m3_Hwi_Object__table__V                   
000040cd  ti_sysbios_family_arm_m3_Hwi_Params__init__S                    
00004560  ti_sysbios_family_arm_m3_Hwi_ccr__C                             
00002aad  ti_sysbios_family_arm_m3_Hwi_create                             
00002e71  ti_sysbios_family_arm_m3_Hwi_disableInterrupt__E                
00002651  ti_sysbios_family_arm_m3_Hwi_dispatchC__I                       
20008940  ti_sysbios_family_arm_m3_Hwi_dispatchTable                      
00001219  ti_sysbios_family_arm_m3_Hwi_dispatch__I                        
00004181  ti_sysbios_family_arm_m3_Hwi_doSwiRestore__I                    
00004191  ti_sysbios_family_arm_m3_Hwi_doTaskRestore__I                   
00002eb9  ti_sysbios_family_arm_m3_Hwi_enableInterrupt__E                 
00003831  ti_sysbios_family_arm_m3_Hwi_excHandlerAsm__I                   
00004564  ti_sysbios_family_arm_m3_Hwi_excHandlerFunc__C                  
00003b91  ti_sysbios_family_arm_m3_Hwi_excHandler__I                      
00002f91  ti_sysbios_family_arm_m3_Hwi_getStackInfo__E                    
00001d51  ti_sysbios_family_arm_m3_Hwi_initNVIC__E                        
00002a01  ti_sysbios_family_arm_m3_Hwi_initStacks__E                      
000012ed  ti_sysbios_family_arm_m3_Hwi_interruptsAreDisabledButShouldNotBe
00004568  ti_sysbios_family_arm_m3_Hwi_nullIsrFunc__C                     
e000e000  ti_sysbios_family_arm_m3_Hwi_nvic                               
000038a9  ti_sysbios_family_arm_m3_Hwi_pendSV__I                          
000021c1  ti_sysbios_family_arm_m3_Hwi_postInit__I                        
0000456c  ti_sysbios_family_arm_m3_Hwi_priGroup__C                        
20000000  ti_sysbios_family_arm_m3_Hwi_ramVectors                         
00000000  ti_sysbios_family_arm_m3_Hwi_resetVectors                       
000038cd  ti_sysbios_family_arm_m3_Hwi_return                             
00004189  ti_sysbios_family_arm_m3_Hwi_startup__E                         
00004570  ti_sysbios_family_arm_m3_Hwi_swiDisable__C                      
00004574  ti_sysbios_family_arm_m3_Hwi_swiRestore__C                      
00003e41  ti_sysbios_family_arm_m3_Hwi_switchFromBootStack__E             
0000168d  ti_sysbios_family_arm_m3_TaskSupport_Module__startupDone__S     
00001f11  ti_sysbios_family_arm_m3_TaskSupport_buildTaskStack             
000040d9  ti_sysbios_family_arm_m3_TaskSupport_getStackAlignment__E       
00003f79  ti_sysbios_family_arm_m3_TaskSupport_glue                       
00004578  ti_sysbios_family_arm_m3_TaskSupport_stackAlignment__C          
00003369  ti_sysbios_family_arm_m3_TaskSupport_start__E                   
00003d15  ti_sysbios_family_arm_m3_TaskSupport_swap__E                    
200086ac  ti_sysbios_family_arm_msp432_ClockFreqs_Module__state__V        
00003989  ti_sysbios_family_arm_msp432_ClockFreqs_setFrequency__E         
000031a1  ti_sysbios_family_arm_msp432_Seconds_Module_startup__E          
20008610  ti_sysbios_family_arm_msp432_Timer_Module_State_0_device__A     
2000869c  ti_sysbios_family_arm_msp432_Timer_Module_State_0_handles__A    
00003d2d  ti_sysbios_family_arm_msp432_Timer_Module__startupDone__F       
00003d2d  ti_sysbios_family_arm_msp432_Timer_Module__startupDone__S       
200086b8  ti_sysbios_family_arm_msp432_Timer_Module__state__V             
000030a1  ti_sysbios_family_arm_msp432_Timer_Module_startup__E            
200084a8  ti_sysbios_family_arm_msp432_Timer_Object__table__V             
000040e9  ti_sysbios_family_arm_msp432_Timer_getMaxTicks__E               
00002b01  ti_sysbios_family_arm_msp432_Timer_initDevice__I                
0000457c  ti_sysbios_family_arm_msp432_Timer_numTimerDevices__C           
00001991  ti_sysbios_family_arm_msp432_Timer_periodicStub__E              
00002c91  ti_sysbios_family_arm_msp432_Timer_postInit__I                  
00002ce1  ti_sysbios_family_arm_msp432_Timer_start__E                     
00004580  ti_sysbios_family_arm_msp432_Timer_startupNeeded__C             
000030e1  ti_sysbios_family_arm_msp432_Timer_startup__E                   
00004618  ti_sysbios_family_arm_msp432_init_Boot_bypassHFXT__C            
0000461a  ti_sysbios_family_arm_msp432_init_Boot_bypassLFXT__C            
00001031  ti_sysbios_family_arm_msp432_init_Boot_configureClocksHigh      
00003f89  ti_sysbios_family_arm_msp432_init_Boot_disableWatchdog          
0000461c  ti_sysbios_family_arm_msp432_init_Boot_enableHFXT__C            
0000461e  ti_sysbios_family_arm_msp432_init_Boot_enableLFXT__C            
00003c85  ti_sysbios_family_arm_msp432_init_Boot_init__I                  
00003b51  ti_sysbios_family_xxx_Hwi_switchAndRunFunc                      
0000368d  ti_sysbios_gates_GateHwi_Handle__label__S                       
000041e9  ti_sysbios_gates_GateHwi_Instance_init__E                       
00004310  ti_sysbios_gates_GateHwi_Module__FXNS__C                        
200086d4  ti_sysbios_gates_GateHwi_Module__root__V                        
000043e4  ti_sysbios_gates_GateHwi_Object__DESC__C                        
000044a4  ti_sysbios_gates_GateHwi_Object__PARAMS__C                      
00003399  ti_sysbios_gates_GateHwi_Object__create__S                      
00003aad  ti_sysbios_gates_GateHwi_Object__delete__S                      
20008728  ti_sysbios_gates_GateHwi_Object__table__V                       
000040f9  ti_sysbios_gates_GateHwi_enter__E                               
00004199  ti_sysbios_gates_GateHwi_leave__E                               
000041c9  ti_sysbios_gates_GateHwi_query__E                               
000036b9  ti_sysbios_gates_GateMutex_Handle__label__S                     
00004584  ti_sysbios_gates_GateMutex_Instance_State_sem__O                
00003f99  ti_sysbios_gates_GateMutex_Instance_finalize__E                 
00003bb1  ti_sysbios_gates_GateMutex_Instance_init__E                     
00004334  ti_sysbios_gates_GateMutex_Module__FXNS__C                      
200086dc  ti_sysbios_gates_GateMutex_Module__root__V                      
00004404  ti_sysbios_gates_GateMutex_Object__DESC__C                      
000044bc  ti_sysbios_gates_GateMutex_Object__PARAMS__C                    
000033c9  ti_sysbios_gates_GateMutex_Object__create__S                    
000039ad  ti_sysbios_gates_GateMutex_Object__delete__S                    
20008408  ti_sysbios_gates_GateMutex_Object__table__V                     
000033f9  ti_sysbios_gates_GateMutex_enter__E                             
00003d49  ti_sysbios_gates_GateMutex_leave__E                             
000041d1  ti_sysbios_gates_GateMutex_query__E                             
00003cfd  ti_sysbios_hal_Hwi_HwiProxy_Module__startupDone__S              
000040cd  ti_sysbios_hal_Hwi_HwiProxy_Params__init__S                     
00002e71  ti_sysbios_hal_Hwi_HwiProxy_disableInterrupt__E                 
00002eb9  ti_sysbios_hal_Hwi_HwiProxy_enableInterrupt__E                  
00002f91  ti_sysbios_hal_Hwi_HwiProxy_getStackInfo__E                     
00004189  ti_sysbios_hal_Hwi_HwiProxy_startup__E                          
00003e41  ti_sysbios_hal_Hwi_HwiProxy_switchFromBootStack__E              
00003eb1  ti_sysbios_hal_Hwi_Module_startup__E                            
00002e71  ti_sysbios_hal_Hwi_disableInterrupt__E                          
00002eb9  ti_sysbios_hal_Hwi_enableInterrupt__E                           
00002f91  ti_sysbios_hal_Hwi_getStackInfo__E                              
000032d1  ti_sysbios_hal_Hwi_initStack                                    
00004189  ti_sysbios_hal_Hwi_startup__E                                   
00003e41  ti_sysbios_hal_Hwi_switchFromBootStack__E                       
00004588  ti_sysbios_heaps_HeapMem_E_memory__C                            
000036e5  ti_sysbios_heaps_HeapMem_Handle__label__S                       
00003121  ti_sysbios_heaps_HeapMem_Instance_init__E                       
000036b9  ti_sysbios_heaps_HeapMem_Module_GateProxy_Handle__label__S      
00001825  ti_sysbios_heaps_HeapMem_Module_GateProxy_enter__E              
0000198b  ti_sysbios_heaps_HeapMem_Module_GateProxy_leave__E              
000041d1  ti_sysbios_heaps_HeapMem_Module_GateProxy_query__E              
000042e8  ti_sysbios_heaps_HeapMem_Module__FXNS__C                        
0000458c  ti_sysbios_heaps_HeapMem_Module__gateObj__C                     
00004620  ti_sysbios_heaps_HeapMem_Module__id__C                          
200086e4  ti_sysbios_heaps_HeapMem_Module__root__V                        
00004424  ti_sysbios_heaps_HeapMem_Object__DESC__C                        
00004358  ti_sysbios_heaps_HeapMem_Object__PARAMS__C                      
00004590  ti_sysbios_heaps_HeapMem_Object__count__C                       
00003429  ti_sysbios_heaps_HeapMem_Object__create__S                      
00003acd  ti_sysbios_heaps_HeapMem_Object__delete__S                      
00003e55  ti_sysbios_heaps_HeapMem_Object__get__S                         
20008684  ti_sysbios_heaps_HeapMem_Object__table__V                       
00001691  ti_sysbios_heaps_HeapMem_alloc__E                               
00002249  ti_sysbios_heaps_HeapMem_free__E                                
00002d31  ti_sysbios_heaps_HeapMem_getStats__E                            
000023d1  ti_sysbios_heaps_HeapMem_initPrimary__I                         
000041a1  ti_sysbios_heaps_HeapMem_isBlocking__E                          
00004594  ti_sysbios_heaps_HeapMem_primaryHeapBaseAddr__C                 
00004598  ti_sysbios_heaps_HeapMem_primaryHeapEndAddr__C                  
0000459c  ti_sysbios_heaps_HeapMem_reqAlign__C                            
000045a0  ti_sysbios_knl_Clock_Module_State_clockQ__O                     
200085c0  ti_sysbios_knl_Clock_Module__state__V                           
000039d1  ti_sysbios_knl_Clock_Module_startup__E                          
00003d2d  ti_sysbios_knl_Clock_TimerProxy_Module__startupDone__S          
00001cb5  ti_sysbios_knl_Clock_TimerProxy_getMaxTicks__E                  
000030e1  ti_sysbios_knl_Clock_TimerProxy_startup__E                      
00003859  ti_sysbios_knl_Clock_addI__E                                    
00003711  ti_sysbios_knl_Clock_doTick__I                                  
000041f1  ti_sysbios_knl_Clock_logTick__E                                 
000045a4  ti_sysbios_knl_Clock_tickPeriod__C                              
000022d1  ti_sysbios_knl_Clock_workFunc__E                                
00004524  ti_sysbios_knl_Idle_funcList__A                                 
0000452c  ti_sysbios_knl_Idle_funcList__C                                 
00004059  ti_sysbios_knl_Idle_loop__E                                     
00003af1  ti_sysbios_knl_Idle_run__E                                      
000045a8  ti_sysbios_knl_Mailbox_Instance_State_freeQue__O                
00002f01  ti_sysbios_knl_Mailbox_Module_startup__E                        
000045ac  ti_sysbios_knl_Mailbox_Object__count__C                         
00003fa9  ti_sysbios_knl_Mailbox_Object__get__S                           
000045b0  ti_sysbios_knl_Mailbox_maxTypeAlign__C                          
00003459  ti_sysbios_knl_Mailbox_postInit__I                              
000041a9  ti_sysbios_knl_Queue_Instance_init__E                           
200086ec  ti_sysbios_knl_Queue_Module__root__V                            
00004444  ti_sysbios_knl_Queue_Object__DESC__C                            
000044d4  ti_sysbios_knl_Queue_Object__PARAMS__C                          
00004105  ti_sysbios_knl_Queue_Object__get__S                             
0000373d  ti_sysbios_knl_Queue_construct                                  
00003bcd  ti_sysbios_knl_Queue_destruct                                   
00004069  ti_sysbios_knl_Queue_empty__E                                   
00003be9  ti_sysbios_knl_Queue_put__E                                     
000045b4  ti_sysbios_knl_Semaphore_Instance_State_pendQ__O                
00003fb9  ti_sysbios_knl_Semaphore_Instance_finalize__E                   
000039f9  ti_sysbios_knl_Semaphore_Instance_init__E                       
200086f4  ti_sysbios_knl_Semaphore_Module__root__V                        
00004464  ti_sysbios_knl_Semaphore_Object__DESC__C                        
0000437c  ti_sysbios_knl_Semaphore_Object__PARAMS__C                      
00004111  ti_sysbios_knl_Semaphore_Params__init__S                        
00003489  ti_sysbios_knl_Semaphore_construct                              
[...]
00003c29  ti_sysbios_rts_ti_ReentSupport_getReent__E                      
00003c29  ti_sysbios_rts_ti_ReentSupport_getReent__F                      
00003c49  xdc_runtime_Memory_valloc__E                                    
00003c69  xdc_runtime_System_abort__E                                     
00003c85  ti_sysbios_family_arm_msp432_init_Boot_init__I                  
00003c85  xdc_runtime_Startup_reset__I                                    
00003c9d  SysCtl_A_disableNMISource                                       
00003cb5  SysCtl_A_enableNMISource                                        
00003ccd  _args_main                                                      
00003ce5  ti_sysbios_BIOS_rtsUnlock__I                                    
00003cfd  ti_sysbios_family_arm_m3_Hwi_Module__startupDone__F             
00003cfd  ti_sysbios_family_arm_m3_Hwi_Module__startupDone__S             
00003cfd  ti_sysbios_hal_Hwi_HwiProxy_Module__startupDone__S              
00003d15  ti_sysbios_family_arm_m3_TaskSupport_swap__E                    
00003d15  ti_sysbios_knl_Task_SupportProxy_swap__E                        
00003d21  ti_sysbios_knl_Task_swapReturn                                  
00003d2d  ti_sysbios_family_arm_msp432_Timer_Module__startupDone__F       
00003d2d  ti_sysbios_family_arm_msp432_Timer_Module__startupDone__S       
00003d2d  ti_sysbios_knl_Clock_TimerProxy_Module__startupDone__S          
00003d49  ti_sysbios_gates_GateMutex_leave__E                             
00003d61  ti_sysbios_knl_Task_sleepTimeout__I                             
00003d79  ti_sysbios_rts_ti_ReentSupport_getTlsAddr__I                    
00003d91  xdc_runtime_Error_init__E                                       
00003da9  xdc_runtime_System_exit__E                                      
00003dc1  ti_sysbios_BIOS_exitFunc__I                                     
00003dd9  ti_sysbios_knl_Task_unblock__E                                  
00003df1  PCM_getPowerState                                               
00003e05  Power_idleFunc                                                  
00003e19  pthread_attr_setschedparam                                      
00003e2d  ti_sysbios_family_arm_m3_Hwi_Object__get__S                     
00003e41  ti_sysbios_family_arm_m3_Hwi_switchFromBootStack__E             
00003e41  ti_sysbios_hal_Hwi_HwiProxy_switchFromBootStack__E              
00003e41  ti_sysbios_hal_Hwi_switchFromBootStack__E                       
00003e55  ti_sysbios_heaps_HeapMem_Object__get__S                         
00003e69  ti_sysbios_knl_Swi_Object__get__S                               
00003e81  _pthread_cleanup_pop                                            
00003eb1  ti_sysbios_hal_Hwi_Module_startup__E                            
00003ec3  xdc_runtime_Startup_exec__I                                     
00003ed5  HwiP_Params_init                                                
00003ee5  PCM_gotoLPM4                                                    
00003ef5  PCM_setPowerMode                                                
00003f05  PCM_setPowerState                                               
00003f15  SysCtl_A_getNMISourceStatus                                     
00003f25  SysCtl_getNMISourceStatus                                       
00003f39  ti_sysbios_BIOS_exit__E                                         
00003f49  ti_sysbios_BIOS_setCpuFreq__E                                   
00003f59  ti_sysbios_BIOS_setThreadType__E                                
00003f69  ti_sysbios_BIOS_start__E                                        
00003f79  ti_sysbios_family_arm_m3_TaskSupport_glue                       
00003f89  ti_sysbios_family_arm_msp432_init_Boot_disableWatchdog          
00003f99  ti_sysbios_gates_GateMutex_Instance_finalize__E                 
00003fa9  ti_sysbios_knl_Mailbox_Object__get__S                           
00003fb9  ti_sysbios_knl_Semaphore_Instance_finalize__E                   
00003fc9  ti_sysbios_knl_Swi_disable__E                                   
00003fd9  ti_sysbios_knl_Task_Object__get__S                              
00003fe9  ti_sysbios_knl_Task_disable__E                                  
00003ff9  xdc_runtime_Gate_leaveSystem__E                                 
00004009  xdc_runtime_Memory_free__E                                      
00004019  xdc_runtime_SysCallback_abort__E                                
00004019  xdc_runtime_System_SupportProxy_abort__E                        
00004029  xdc_runtime_SysCallback_exit__E                                 
00004029  xdc_runtime_System_SupportProxy_exit__E                         
00004039  __TI_decompress_none                                            
00004049  pthread_attr_setdetachstate                                     
00004059  ti_sysbios_knl_Idle_loop__E                                     
00004069  ti_sysbios_knl_Queue_empty__E                                   
00004077  Board_init                                                      
00004083  CPU_cpsid                                                       
0000408f  CPU_cpsie                                                       
0000409d  Power_getConstraintMask                                         
000040a9  _register_lock                                                  
000040b5  _register_unlock                                                
000040c1  pthread_self                                                    
000040cd  ti_sysbios_family_arm_m3_Hwi_Params__init__S                    
000040cd  ti_sysbios_hal_Hwi_HwiProxy_Params__init__S                     
000040d9  ti_sysbios_family_arm_m3_TaskSupport_getStackAlignment__E       
000040d9  ti_sysbios_knl_Task_SupportProxy_getStackAlignment__E           
000040e9  ti_sysbios_family_arm_msp432_Timer_getMaxTicks__E               
000040f9  ti_sysbios_gates_GateHwi_enter__E                               
00004105  ti_sysbios_knl_Queue_Object__get__S                             
00004111  ti_sysbios_knl_Semaphore_Params__init__S                        
0000411d  ti_sysbios_knl_Task_Params__init__S                             
00004129  ti_sysbios_knl_Task_self__E                                     
00004139  ti_sysbios_rts_ti_ReentSupport_taskRegHook__I                   
00004149  xdc_runtime_Gate_enterSystem__E                                 
00004159  xdc_runtime_Startup_rtsDone__E                                  
00004165  xdc_runtime_Memory_HeapProxy_alloc__E                           
0000416f  xdc_runtime_Memory_HeapProxy_free__E                            
00004179  pthread_attr_setstacksize                                       
00004181  ti_sysbios_family_arm_m3_Hwi_doSwiRestore__I                    
00004189  ti_sysbios_family_arm_m3_Hwi_startup__E                         
00004189  ti_sysbios_hal_Hwi_HwiProxy_startup__E                          
00004189  ti_sysbios_hal_Hwi_startup__E                                   
00004191  ti_sysbios_family_arm_m3_Hwi_doTaskRestore__I                   
00004199  ti_sysbios_gates_GateHwi_leave__E                               
000041a1  ti_sysbios_heaps_HeapMem_isBlocking__E                          
000041a9  ti_sysbios_knl_Queue_Instance_init__E                           
000041b1  ti_sysbios_knl_Swi_startup__E                                   
000041b9  xdc_runtime_System_Module_startup__E                            
000041c1  __aeabi_errno_addr                                              
000041c9  ti_sysbios_gates_GateHwi_query__E                               
000041c9  xdc_runtime_Main_Module_GateProxy_query__E                      
000041c9  xdc_runtime_System_Module_GateProxy_query__E                    
000041d1  ti_sysbios_BIOS_RtsGateProxy_query__E                           
000041d1  ti_sysbios_gates_GateMutex_query__E                             
000041d1  ti_sysbios_heaps_HeapMem_Module_GateProxy_query__E              
000041d9  ti_sysbios_knl_Task_startup__E                                  
000041e1  ti_sysbios_BIOS_linkedWithIncorrectBootLibrary__E               
000041e9  ti_sysbios_gates_GateHwi_Instance_init__E                       
000041f1  ti_sysbios_knl_Clock_logTick__E                                 
000041f9  xdc_runtime_SysCallback_defaultAbort                            
00004201  xdc_runtime_SysCallback_defaultExit                             
00004209  xdc_runtime_System_abortSpin__E                                 
00004211  xdc_runtime_System_exitSpin__E                                  
00004214  ti_sysbios_knl_Task_Object__PARAMS__C                           
00004250  PowerMSP432_config                                              
000042b8  ti_sysbios_family_arm_m3_Hwi_Object__PARAMS__C                  
000042e8  ti_sysbios_heaps_HeapMem_Module__FXNS__C                        
00004310  ti_sysbios_gates_GateHwi_Module__FXNS__C                        
00004334  ti_sysbios_gates_GateMutex_Module__FXNS__C                      
00004358  ti_sysbios_heaps_HeapMem_Object__PARAMS__C                      
0000437c  ti_sysbios_knl_Semaphore_Object__PARAMS__C                      
000043a0  xdc_runtime_Startup_sfxnTab__A                                  
000043c4  ti_sysbios_family_arm_m3_Hwi_Object__DESC__C                    
000043e4  ti_sysbios_gates_GateHwi_Object__DESC__C                        
00004404  ti_sysbios_gates_GateMutex_Object__DESC__C                      
00004424  ti_sysbios_heaps_HeapMem_Object__DESC__C                        
00004444  ti_sysbios_knl_Queue_Object__DESC__C                            
00004464  ti_sysbios_knl_Semaphore_Object__DESC__C                        
00004484  ti_sysbios_knl_Task_Object__DESC__C                             
000044a4  ti_sysbios_gates_GateHwi_Object__PARAMS__C                      
000044bc  ti_sysbios_gates_GateMutex_Object__PARAMS__C                    
000044d4  ti_sysbios_knl_Queue_Object__PARAMS__C                          
000044ec  ti_sysbios_knl_Task_hooks__A                                    
00004504  xdc_runtime_Startup_sfxnRts__A                                  
00004516  ti_sysbios_family_arm_m3_Hwi_Module__id__C                      
00004518  xdc_runtime_Startup_firstFxns__A                                
00004524  ti_sysbios_knl_Idle_funcList__A                                 
0000452c  ti_sysbios_knl_Idle_funcList__C                                 
00004534  ti_sysbios_knl_Task_hooks__C                                    
0000453c  xdc_runtime_Startup_firstFxns__C                                
00004544  xdc_runtime_Startup_lastFxns__C                                 
0000454c  p1_in                                                           
00004550  ti_sysbios_family_arm_m3_Hwi_E_alreadyDefined__C                
00004554  ti_sysbios_family_arm_m3_Hwi_E_badIntNum__C                     
00004558  ti_sysbios_family_arm_m3_Hwi_NUM_INTERRUPTS__C                  
0000455c  ti_sysbios_family_arm_m3_Hwi_Object__count__C                   
00004560  ti_sysbios_family_arm_m3_Hwi_ccr__C                             
00004564  ti_sysbios_family_arm_m3_Hwi_excHandlerFunc__C                  
00004568  ti_sysbios_family_arm_m3_Hwi_nullIsrFunc__C                     
0000456c  ti_sysbios_family_arm_m3_Hwi_priGroup__C                        
00004570  ti_sysbios_family_arm_m3_Hwi_swiDisable__C                      
00004574  ti_sysbios_family_arm_m3_Hwi_swiRestore__C                      
00004578  ti_sysbios_family_arm_m3_TaskSupport_stackAlignment__C          
0000457c  ti_sysbios_family_arm_msp432_Timer_numTimerDevices__C           
00004580  ti_sysbios_family_arm_msp432_Timer_startupNeeded__C             
00004584  ti_sysbios_gates_GateMutex_Instance_State_sem__O                
00004588  ti_sysbios_heaps_HeapMem_E_memory__C                            
0000458c  ti_sysbios_heaps_HeapMem_Module__gateObj__C                     
00004590  ti_sysbios_heaps_HeapMem_Object__count__C                       
00004594  ti_sysbios_heaps_HeapMem_primaryHeapBaseAddr__C                 
00004598  ti_sysbios_heaps_HeapMem_primaryHeapEndAddr__C                  
0000459c  ti_sysbios_heaps_HeapMem_reqAlign__C                            
000045a0  ti_sysbios_knl_Clock_Module_State_clockQ__O                     
000045a4  ti_sysbios_knl_Clock_tickPeriod__C                              
000045a8  ti_sysbios_knl_Mailbox_Instance_State_freeQue__O                
000045ac  ti_sysbios_knl_Mailbox_Object__count__C                         
000045b0  ti_sysbios_knl_Mailbox_maxTypeAlign__C                          
000045b4  ti_sysbios_knl_Semaphore_Instance_State_pendQ__O                
000045b8  ti_sysbios_knl_Swi_Object__count__C                             
000045bc  ti_sysbios_knl_Task_Module_State_inactiveQ__O                   
000045c0  ti_sysbios_knl_Task_Object__count__C                            
000045c4  ti_sysbios_knl_Task_Object__heap__C                             
000045c8  ti_sysbios_knl_Task_allBlockedFunc__C                           
000045cc  ti_sysbios_knl_Task_defaultStackHeap__C                         
000045d0  ti_sysbios_knl_Task_defaultStackSize__C                         
000045d4  ti_sysbios_knl_Task_numConstructedTasks__C                      
000045d8  xdc_runtime_Error_E_memory__C                                   
000045dc  xdc_runtime_Error_policyFxn__C                                  
000045e0  xdc_runtime_IGateProvider_Interface__BASE__C                    
000045e4  xdc_runtime_IHeap_Interface__BASE__C                            
000045e8  xdc_runtime_IModule_Interface__BASE__C                          
000045ec  xdc_runtime_Memory_defaultHeapInstance__C                       
000045f0  xdc_runtime_Startup_execImpl__C                                 
000045f4  xdc_runtime_Startup_maxPasses__C                                
000045f8  xdc_runtime_Startup_sfxnRts__C                                  
000045fc  xdc_runtime_Startup_sfxnTab__C                                  
00004600  xdc_runtime_SysCallback_abortFxn__C                             
00004604  xdc_runtime_SysCallback_exitFxn__C                              
00004608  xdc_runtime_System_Module__gateObj__C                           
0000460c  xdc_runtime_System_abortFxn__C                                  
00004610  xdc_runtime_System_exitFxn__C                                   
00004614  xdc_runtime_System_maxAtexitHandlers__C                         
00004618  ti_sysbios_family_arm_msp432_init_Boot_bypassHFXT__C            
0000461a  ti_sysbios_family_arm_msp432_init_Boot_bypassLFXT__C            
0000461c  ti_sysbios_family_arm_msp432_init_Boot_enableHFXT__C            
0000461e  ti_sysbios_family_arm_msp432_init_Boot_enableLFXT__C            
00004620  ti_sysbios_heaps_HeapMem_Module__id__C                          
00004622  xdc_runtime_Memory_Module__id__C                                
00004624  xdc_runtime_Error_policy__C                                     
00004628  __TI_static_base__                                              
00004830  __TI_Handler_Table_Base                                         
0000483c  __TI_Handler_Table_Limit                                        
00004848  __TI_CINIT_Base                                                 
00004858  __TI_CINIT_Limit                                                
00008000  HEAPSIZE                                                        
20000000  __start___llvm_prf_cnts                                         
20000000  __stop___llvm_prf_cnts                                          
20000000  ti_sysbios_family_arm_m3_Hwi_ramVectors                         
20000140  __primary_heap_start__                                          
20008140  PowerMSP432_perfLevels                                          
20008140  __primary_heap_end__                                            
20008308  ti_sysbios_knl_Swi_Module_State_0_readyQ__A                     
20008388  ti_sysbios_knl_Task_Module_State_0_readyQ__A                    
20008408  ti_sysbios_gates_GateMutex_Object__table__V                     
2000845c  ti_sysbios_knl_Task_Object__table__V                            
200084a8  ti_sysbios_family_arm_msp432_Timer_Object__table__V             
200084ec  ti_sysbios_knl_Task_Module__state__V                            
20008530  ti_sysbios_family_arm_m3_Hwi_Module__state__V                   
20008564  ti_sysbios_knl_Swi_Object__table__V                             
20008594  PowerMSP432_module                                              
200085c0  ti_sysbios_knl_Clock_Module__state__V                           
200085ec  ti_sysbios_BIOS_Module__state__V                                
20008610  ti_sysbios_family_arm_msp432_Timer_Module_State_0_device__A     
20008630  xdc_runtime_Error_IgnoreBlock                                   
20008650  ti_sysbios_knl_Swi_Module__state__V                             
2000866c  ti_sysbios_family_arm_m3_Hwi_Object__table__V                   
20008684  ti_sysbios_heaps_HeapMem_Object__table__V                       
2000869c  ti_sysbios_family_arm_msp432_Timer_Module_State_0_handles__A    
200086ac  ti_sysbios_family_arm_msp432_ClockFreqs_Module__state__V        
200086b8  ti_sysbios_family_arm_msp432_Timer_Module__state__V             
200086c4  _lock                                                           
200086c8  _unlock                                                         
200086cc  ti_sysbios_family_arm_m3_Hwi_Module__root__V                    
200086d4  ti_sysbios_gates_GateHwi_Module__root__V                        
200086dc  ti_sysbios_gates_GateMutex_Module__root__V                      
200086e4  ti_sysbios_heaps_HeapMem_Module__root__V                        
200086ec  ti_sysbios_knl_Queue_Module__root__V                            
200086f4  ti_sysbios_knl_Semaphore_Module__root__V                        
200086fc  ti_sysbios_knl_Task_Module__root__V                             
20008704  xdc_runtime_Startup_Module__state__V                            
2000870c  xdc_runtime_System_Module_State_0_atexitHandlers__A             
20008714  xdc_runtime_System_Module__state__V                             
2000871c  main_func_sp                                                    
20008720  ti_sysbios_family_arm_m3_Hwi_Module_State_0_excContext__A       
20008724  ti_sysbios_family_arm_m3_Hwi_Module_State_0_excStack__A         
20008728  ti_sysbios_gates_GateHwi_Object__table__V                       
2000872c  ti_sysbios_knl_Task_Module_State_0_idleTask__A                  
20008730  ti_sysbios_rts_ti_ReentSupport_Module__state__V                 
20008734  xdc_runtime_Memory_Module__state__V                             
20008738  ti_sysbios_family_arm_m3_Hwi_Module_State_0_excActive__A        
20008740  ti_sysbios_knl_Task_Instance_State_0_stack__A                   
20008940  ti_sysbios_family_arm_m3_Hwi_dispatchTable                      
20008a88  ti_sysbios_knl_Task_Instance_State_0_hookEnv__A                 
2000fc00  __stack                                                         
20010000  __STACK_END                                                     
4000480c  WDTCTL_SYM                                                      
e000e000  ti_sysbios_family_arm_m3_Hwi_nvic                               
ffffffff  __TI_pprof_out_hndl                                             
ffffffff  __TI_prof_data_size                                             
ffffffff  __TI_prof_data_start                                            
ffffffff  __binit__                                                       
ffffffff  __c_args__                                                      
ffffffff  binit                                                           
UNDEFED   SHT$$INIT_ARRAY$$Base                                           
UNDEFED   SHT$$INIT_ARRAY$$Limit                                          

[451 symbols]
